HTTP/1.1 200 OK
Cache-Control: no-store
Connection: keep-alive
Content-Type: text/html; charset=utf-8
Transfer-Encoding: chunked
X-Content-Type-Options: nosniff
X-Request-Id: st010

7C
<!doctype html><html><head><meta charset="utf-8"><title>Index of /static/</title></head><body><h1>Index of /static/</h1><ul>
32
<li><a href="/static/hello.txt">hello.txt</a></li>
34
<li><a href="/static/index.html">index.html</a></li>
46
<li><a href="/static/mio_dl_a1076341.txt">mio_dl_a1076341.txt</a></li>
46
<li><a href="/static/mio_dl_b1076341.txt">mio_dl_b1076341.txt</a></li>
52
<li><a href="/static/mio_etag_t001_1076341.out">mio_etag_t001_1076341.out</a></li>
54
<li><a href="/static/mio_etag_t001b_1076341.out">mio_etag_t001b_1076341.out</a></li>
54
<li><a href="/static/mio_etag_t002a_1076341.out">mio_etag_t002a_1076341.out</a></li>
54
<li><a href="/static/mio_etag_t002b_1076341.out">mio_etag_t002b_1076341.out</a></li>
54
<li><a href="/static/mio_etag_t002c_1076341.out">mio_etag_t002c_1076341.out</a></li>
42
<li><a href="/static/mio_init_t002.out">mio_init_t002.out</a></li>
42
<li><a href="/static/mio_init_t003.out">mio_init_t003.out</a></li>
3E
<li><a href="/static/mio_mw_t001.out">mio_mw_t001.out</a></li>
3E
<li><a href="/static/mio_mw_t002.out">mio_mw_t002.out</a></li>
3E
<li><a href="/static/mio_mw_t003.out">mio_mw_t003.out</a></li>
44
<li><a href="/static/mio_mwstd_t001.out">mio_mwstd_t001.out</a></li>
44
<li><a href="/static/mio_mwstd_t002.out">mio_mwstd_t002.out</a></li>
44
<li><a href="/static/mio_mwstd_t003.out">mio_mwstd_t003.out</a></li>
44
<li><a href="/static/mio_mwstd_t004.out">mio_mwstd_t004.out</a></li>
40
<li><a href="/static/mio_sec_t001.out">mio_sec_t001.out</a></li>
40
<li><a href="/static/mio_sec_t002.out">mio_sec_t002.out</a></li>
40
<li><a href="/static/mio_sec_t003.out">mio_sec_t003.out</a></li>
40
<li><a href="/static/mio_sec_t004.out">mio_sec_t004.out</a></li>
40
<li><a href="/static/mio_sec_t005.out">mio_sec_t005.out</a></li>
40
<li><a href="/static/mio_sec_t006.out">mio_sec_t006.out</a></li>
4C
<li><a href="/static/mio_static_index9.html">mio_static_index9.html</a></li>
46
<li><a href="/static/mio_static_t001.out">mio_static_t001.out</a></li>
46
<li><a href="/static/mio_static_t002.out">mio_static_t002.out</a></li>
48
<li><a href="/static/mio_static_t003a.out">mio_static_t003a.out</a></li>
48
<li><a href="/static/mio_static_t003b.out">mio_static_t003b.out</a></li>
46
<li><a href="/static/mio_static_t004.out">mio_static_t004.out</a></li>
46
<li><a href="/static/mio_static_t005.out">mio_static_t005.out</a></li>
46
<li><a href="/static/mio_static_t006.out">mio_static_t006.out</a></li>
48
<li><a href="/static/mio_static_t007a.out">mio_static_t007a.out</a></li>
48
<li><a href="/static/mio_static_t007b.out">mio_static_t007b.out</a></li>
46
<li><a href="/static/mio_static_t008.out">mio_static_t008.out</a></li>
46
<li><a href="/static/mio_static_t009.out">mio_static_t009.out</a></li>
54
<li><a href="/static/mio_static_t0101076341.out">mio_static_t0101076341.out</a></li>
42
<li><a href="/static/mioroutet_404.out">mioroutet_404.out</a></li>
42
<li><a href="/static/mioroutet_405.out">mioroutet_405.out</a></li>
5A
<li><a href="/static/mioroutet_405_wild_ignore.out">mioroutet_405_wild_ignore.out</a></li>
48
<li><a href="/static/mioroutet_405_ws.out">mioroutet_405_ws.out</a></li>
4C
<li><a href="/static/mioroutet_head_404.out">mioroutet_head_404.out</a></li>
4C
<li><a href="/static/mioroutet_head_405.out">mioroutet_head_405.out</a></li>
40
<li><a href="/static/t001_1076341.req">t001_1076341.req</a></li>
40
<li><a href="/static/t002_1076341.req">t002_1076341.req</a></li>
40
<li><a href="/static/t003_1076341.req">t003_1076341.req</a></li>
40
<li><a href="/static/t004_1076341.req">t004_1076341.req</a></li>
40
<li><a href="/static/t005_1076341.req">t005_1076341.req</a></li>
40
<li><a href="/static/t006_1076341.req">t006_1076341.req</a></li>
40
<li><a href="/static/t007_1076341.req">t007_1076341.req</a></li>
40
<li><a href="/static/t008_1076341.req">t008_1076341.req</a></li>
40
<li><a href="/static/t009_1076341.req">t009_1076341.req</a></li>
40
<li><a href="/static/t010_1076341.req">t010_1076341.req</a></li>
40
<li><a href="/static/t011_1076341.req">t011_1076341.req</a></li>
40
<li><a href="/static/t012_1076341.req">t012_1076341.req</a></li>
40
<li><a href="/static/t013_1076341.req">t013_1076341.req</a></li>
40
<li><a href="/static/t014_1076341.req">t014_1076341.req</a></li>
40
<li><a href="/static/t015_1076341.req">t015_1076341.req</a></li>
40
<li><a href="/static/t016_1076341.req">t016_1076341.req</a></li>
40
<li><a href="/static/t017_1076341.req">t017_1076341.req</a></li>
40
<li><a href="/static/t018_1076341.req">t018_1076341.req</a></li>
40
<li><a href="/static/t019_1076341.req">t019_1076341.req</a></li>
40
<li><a href="/static/t020_1076341.req">t020_1076341.req</a></li>
40
<li><a href="/static/t021_1076341.req">t021_1076341.req</a></li>
40
<li><a href="/static/t022_1076341.req">t022_1076341.req</a></li>
40
<li><a href="/static/t023_1076341.req">t023_1076341.req</a></li>
40
<li><a href="/static/t024_1076341.req">t024_1076341.req</a></li>
40
<li><a href="/static/t025_1076341.req">t025_1076341.req</a></li>
13
</ul></body></html>
0

HTTP/1.1 404 Not Found
Connection: keep-alive
Content-Length: 64
Content-Type: application/json
X-Request-Id: 676426372490160614400

{"error":"not_found","request_id":"st010","routine":"MIOSTATIC"}
