2026-03-14 10:24:36 watcher_start pid=1252830 pattern=*.html
{"ts":"2026-03-14 10:24:36","event":"add","file":"/home/ahmed/efuzy/templates/app_index.html"}
{"ts":"2026-03-14 10:24:36","event":"add","file":"/home/ahmed/efuzy/templates/app_layout.html"}
{"ts":"2026-03-14 10:24:36","event":"add","file":"/home/ahmed/efuzy/templates/layout.html"}
{"ts":"2026-03-14 10:24:36","event":"add","file":"/home/ahmed/efuzy/templates/layouts/efuzy_layout.html"}
{"ts":"2026-03-14 10:24:36","event":"add","file":"/home/ahmed/efuzy/templates/layouts/plgd_layout.html"}
{"ts":"2026-03-14 10:24:36","event":"add","file":"/home/ahmed/efuzy/templates/mio_index.html"}
{"ts":"2026-03-14 10:24:36","event":"add","file":"/home/ahmed/efuzy/templates/mio_layout.html"}
{"ts":"2026-03-14 10:24:36","event":"add","file":"/home/ahmed/efuzy/templates/mio_page.html"}
{"ts":"2026-03-14 10:24:36","event":"add","file":"/home/ahmed/efuzy/templates/mio_pkg.html"}
{"ts":"2026-03-14 10:24:36","event":"add","file":"/home/ahmed/efuzy/templates/mio_repo.html"}
{"ts":"2026-03-14 10:24:36","event":"add","file":"/home/ahmed/efuzy/templates/page.html"}
{"ts":"2026-03-14 10:24:36","event":"add","file":"/home/ahmed/efuzy/templates/pages/efuzy_automation.html"}
{"ts":"2026-03-14 10:24:36","event":"add","file":"/home/ahmed/efuzy/templates/pages/efuzy_job_detail.html"}
{"ts":"2026-03-14 10:24:36","event":"add","file":"/home/ahmed/efuzy/templates/pages/efuzy_jobs.html"}
{"ts":"2026-03-14 10:24:36","event":"add","file":"/home/ahmed/efuzy/templates/pages/efuzy_preview.html"}
{"ts":"2026-03-14 10:24:36","event":"add","file":"/home/ahmed/efuzy/templates/pages/efuzy_profile_edit.html"}
{"ts":"2026-03-14 10:24:36","event":"add","file":"/home/ahmed/efuzy/templates/pages/efuzy_profiles.html"}
{"ts":"2026-03-14 10:24:36","event":"add","file":"/home/ahmed/efuzy/templates/pages/efuzy_workspace.html"}
{"ts":"2026-03-14 10:24:36","event":"add","file":"/home/ahmed/efuzy/templates/pages/plgd_about.html"}
{"ts":"2026-03-14 10:24:36","event":"add","file":"/home/ahmed/efuzy/templates/pages/plgd_home.html"}
{"ts":"2026-03-14 10:24:36","event":"add","file":"/home/ahmed/efuzy/templates/pages/plgd_playground.html"}
{"ts":"2026-03-14 10:24:36","event":"add","file":"/home/ahmed/efuzy/templates/partials/mio_footer.html"}
{"ts":"2026-03-14 10:24:36","event":"add","file":"/home/ahmed/efuzy/templates/partials/mio_nav.html"}
{"ts":"2026-03-14 10:24:36","event":"add","file":"/home/ahmed/efuzy/templates/partials/ui_badge.html"}
{"ts":"2026-03-14 10:24:36","event":"add","file":"/home/ahmed/efuzy/templates/partials/ui_footer.html"}
{"ts":"2026-03-14 10:24:36","event":"add","file":"/home/ahmed/efuzy/templates/partials/ui_hero.html"}
{"ts":"2026-03-14 10:24:36","event":"add","file":"/home/ahmed/efuzy/templates/partials/ui_nav.html"}
{"ts":"2026-03-14 10:24:36","event":"add","file":"/home/ahmed/efuzy/templates/partials/ui_tpl_card_grid.html"}
{"ts":"2026-03-14 10:24:36","event":"add","file":"/home/ahmed/efuzy/templates/partials/ui_tpl_card_list.html"}
{"ts":"2026-03-14 10:25:35","event":"add","file":"/home/ahmed/efuzy/templates/app_index.html"}
{"ts":"2026-03-14 10:25:35","event":"add","file":"/home/ahmed/efuzy/templates/app_layout.html"}
{"ts":"2026-03-14 10:25:35","event":"add","file":"/home/ahmed/efuzy/templates/layout.html"}
{"ts":"2026-03-14 10:25:35","event":"add","file":"/home/ahmed/efuzy/templates/layouts/efuzy_layout.html"}
{"ts":"2026-03-14 10:25:35","event":"add","file":"/home/ahmed/efuzy/templates/layouts/plgd_layout.html"}
{"ts":"2026-03-14 10:25:35","event":"add","file":"/home/ahmed/efuzy/templates/mio_index.html"}
{"ts":"2026-03-14 10:25:35","event":"add","file":"/home/ahmed/efuzy/templates/mio_layout.html"}
{"ts":"2026-03-14 10:25:35","event":"add","file":"/home/ahmed/efuzy/templates/mio_page.html"}
{"ts":"2026-03-14 10:25:35","event":"add","file":"/home/ahmed/efuzy/templates/mio_pkg.html"}
{"ts":"2026-03-14 10:25:35","event":"add","file":"/home/ahmed/efuzy/templates/mio_repo.html"}
{"ts":"2026-03-14 10:25:35","event":"add","file":"/home/ahmed/efuzy/templates/page.html"}
{"ts":"2026-03-14 10:25:35","event":"add","file":"/home/ahmed/efuzy/templates/pages/efuzy_automation.html"}
{"ts":"2026-03-14 10:25:35","event":"add","file":"/home/ahmed/efuzy/templates/pages/efuzy_job_detail.html"}
{"ts":"2026-03-14 10:25:35","event":"add","file":"/home/ahmed/efuzy/templates/pages/efuzy_jobs.html"}
{"ts":"2026-03-14 10:25:35","event":"add","file":"/home/ahmed/efuzy/templates/pages/efuzy_preview.html"}
{"ts":"2026-03-14 10:25:35","event":"add","file":"/home/ahmed/efuzy/templates/pages/efuzy_profile_edit.html"}
{"ts":"2026-03-14 10:25:35","event":"add","file":"/home/ahmed/efuzy/templates/pages/efuzy_profiles.html"}
{"ts":"2026-03-14 10:25:35","event":"add","file":"/home/ahmed/efuzy/templates/pages/efuzy_workspace.html"}
{"ts":"2026-03-14 10:25:35","event":"add","file":"/home/ahmed/efuzy/templates/pages/plgd_about.html"}
{"ts":"2026-03-14 10:25:35","event":"add","file":"/home/ahmed/efuzy/templates/pages/plgd_home.html"}
{"ts":"2026-03-14 10:25:35","event":"add","file":"/home/ahmed/efuzy/templates/pages/plgd_playground.html"}
{"ts":"2026-03-14 10:25:35","event":"add","file":"/home/ahmed/efuzy/templates/partials/mio_footer.html"}
{"ts":"2026-03-14 10:25:35","event":"add","file":"/home/ahmed/efuzy/templates/partials/mio_nav.html"}
{"ts":"2026-03-14 10:25:35","event":"add","file":"/home/ahmed/efuzy/templates/partials/ui_badge.html"}
{"ts":"2026-03-14 10:25:35","event":"add","file":"/home/ahmed/efuzy/templates/partials/ui_footer.html"}
{"ts":"2026-03-14 10:25:35","event":"add","file":"/home/ahmed/efuzy/templates/partials/ui_hero.html"}
{"ts":"2026-03-14 10:25:35","event":"add","file":"/home/ahmed/efuzy/templates/partials/ui_nav.html"}
{"ts":"2026-03-14 10:25:35","event":"add","file":"/home/ahmed/efuzy/templates/partials/ui_tpl_card_grid.html"}
{"ts":"2026-03-14 10:25:35","event":"add","file":"/home/ahmed/efuzy/templates/partials/ui_tpl_card_list.html"}
{"ts":"2026-03-14 11:21:54","event":"add","file":"/home/ahmed/efuzy/templates/app_index.html"}
{"ts":"2026-03-14 11:21:54","event":"add","file":"/home/ahmed/efuzy/templates/app_layout.html"}
{"ts":"2026-03-14 11:21:54","event":"add","file":"/home/ahmed/efuzy/templates/layout.html"}
{"ts":"2026-03-14 11:21:54","event":"add","file":"/home/ahmed/efuzy/templates/layouts/efuzy_layout.html"}
{"ts":"2026-03-14 11:21:54","event":"add","file":"/home/ahmed/efuzy/templates/layouts/plgd_layout.html"}
{"ts":"2026-03-14 11:21:54","event":"add","file":"/home/ahmed/efuzy/templates/mio_index.html"}
{"ts":"2026-03-14 11:21:54","event":"add","file":"/home/ahmed/efuzy/templates/mio_layout.html"}
{"ts":"2026-03-14 11:21:54","event":"add","file":"/home/ahmed/efuzy/templates/mio_page.html"}
{"ts":"2026-03-14 11:21:54","event":"add","file":"/home/ahmed/efuzy/templates/mio_pkg.html"}
{"ts":"2026-03-14 11:21:54","event":"add","file":"/home/ahmed/efuzy/templates/mio_repo.html"}
{"ts":"2026-03-14 11:21:54","event":"add","file":"/home/ahmed/efuzy/templates/page.html"}
{"ts":"2026-03-14 11:21:54","event":"add","file":"/home/ahmed/efuzy/templates/pages/efuzy_automation.html"}
{"ts":"2026-03-14 11:21:54","event":"add","file":"/home/ahmed/efuzy/templates/pages/efuzy_job_detail.html"}
{"ts":"2026-03-14 11:21:54","event":"add","file":"/home/ahmed/efuzy/templates/pages/efuzy_jobs.html"}
{"ts":"2026-03-14 11:21:54","event":"add","file":"/home/ahmed/efuzy/templates/pages/efuzy_preview.html"}
{"ts":"2026-03-14 11:21:54","event":"add","file":"/home/ahmed/efuzy/templates/pages/efuzy_profile_edit.html"}
{"ts":"2026-03-14 11:21:54","event":"add","file":"/home/ahmed/efuzy/templates/pages/efuzy_profiles.html"}
{"ts":"2026-03-14 11:21:54","event":"add","file":"/home/ahmed/efuzy/templates/pages/efuzy_workspace.html"}
{"ts":"2026-03-14 11:21:54","event":"add","file":"/home/ahmed/efuzy/templates/pages/plgd_about.html"}
{"ts":"2026-03-14 11:21:54","event":"add","file":"/home/ahmed/efuzy/templates/pages/plgd_home.html"}
{"ts":"2026-03-14 11:21:54","event":"add","file":"/home/ahmed/efuzy/templates/pages/plgd_playground.html"}
{"ts":"2026-03-14 11:21:54","event":"add","file":"/home/ahmed/efuzy/templates/partials/mio_footer.html"}
{"ts":"2026-03-14 11:21:54","event":"add","file":"/home/ahmed/efuzy/templates/partials/mio_nav.html"}
{"ts":"2026-03-14 11:21:54","event":"add","file":"/home/ahmed/efuzy/templates/partials/ui_badge.html"}
{"ts":"2026-03-14 11:21:54","event":"add","file":"/home/ahmed/efuzy/templates/partials/ui_footer.html"}
{"ts":"2026-03-14 11:21:54","event":"add","file":"/home/ahmed/efuzy/templates/partials/ui_hero.html"}
{"ts":"2026-03-14 11:21:54","event":"add","file":"/home/ahmed/efuzy/templates/partials/ui_nav.html"}
{"ts":"2026-03-14 11:21:54","event":"add","file":"/home/ahmed/efuzy/templates/partials/ui_tpl_card_grid.html"}
{"ts":"2026-03-14 11:21:54","event":"add","file":"/home/ahmed/efuzy/templates/partials/ui_tpl_card_list.html"}
{"ts":"2026-03-14 11:22:05","event":"add","file":"/home/ahmed/efuzy/templates/app_index.html"}
{"ts":"2026-03-14 11:22:05","event":"add","file":"/home/ahmed/efuzy/templates/app_layout.html"}
{"ts":"2026-03-14 11:22:05","event":"add","file":"/home/ahmed/efuzy/templates/layout.html"}
{"ts":"2026-03-14 11:22:05","event":"add","file":"/home/ahmed/efuzy/templates/layouts/efuzy_layout.html"}
{"ts":"2026-03-14 11:22:05","event":"add","file":"/home/ahmed/efuzy/templates/layouts/plgd_layout.html"}
{"ts":"2026-03-14 11:22:05","event":"add","file":"/home/ahmed/efuzy/templates/mio_index.html"}
{"ts":"2026-03-14 11:22:05","event":"add","file":"/home/ahmed/efuzy/templates/mio_layout.html"}
{"ts":"2026-03-14 11:22:05","event":"add","file":"/home/ahmed/efuzy/templates/mio_page.html"}
{"ts":"2026-03-14 11:22:05","event":"add","file":"/home/ahmed/efuzy/templates/mio_pkg.html"}
{"ts":"2026-03-14 11:22:05","event":"add","file":"/home/ahmed/efuzy/templates/mio_repo.html"}
{"ts":"2026-03-14 11:22:05","event":"add","file":"/home/ahmed/efuzy/templates/page.html"}
{"ts":"2026-03-14 11:22:05","event":"add","file":"/home/ahmed/efuzy/templates/pages/efuzy_automation.html"}
{"ts":"2026-03-14 11:22:05","event":"add","file":"/home/ahmed/efuzy/templates/pages/efuzy_job_detail.html"}
{"ts":"2026-03-14 11:22:05","event":"add","file":"/home/ahmed/efuzy/templates/pages/efuzy_jobs.html"}
{"ts":"2026-03-14 11:22:05","event":"add","file":"/home/ahmed/efuzy/templates/pages/efuzy_preview.html"}
{"ts":"2026-03-14 11:22:05","event":"add","file":"/home/ahmed/efuzy/templates/pages/efuzy_profile_edit.html"}
{"ts":"2026-03-14 11:22:05","event":"add","file":"/home/ahmed/efuzy/templates/pages/efuzy_profiles.html"}
{"ts":"2026-03-14 11:22:05","event":"add","file":"/home/ahmed/efuzy/templates/pages/efuzy_workspace.html"}
{"ts":"2026-03-14 11:22:05","event":"add","file":"/home/ahmed/efuzy/templates/pages/plgd_about.html"}
{"ts":"2026-03-14 11:22:05","event":"add","file":"/home/ahmed/efuzy/templates/pages/plgd_home.html"}
{"ts":"2026-03-14 11:22:05","event":"add","file":"/home/ahmed/efuzy/templates/pages/plgd_playground.html"}
{"ts":"2026-03-14 11:22:05","event":"add","file":"/home/ahmed/efuzy/templates/partials/mio_footer.html"}
{"ts":"2026-03-14 11:22:05","event":"add","file":"/home/ahmed/efuzy/templates/partials/mio_nav.html"}
{"ts":"2026-03-14 11:22:05","event":"add","file":"/home/ahmed/efuzy/templates/partials/ui_badge.html"}
{"ts":"2026-03-14 11:22:05","event":"add","file":"/home/ahmed/efuzy/templates/partials/ui_footer.html"}
{"ts":"2026-03-14 11:22:05","event":"add","file":"/home/ahmed/efuzy/templates/partials/ui_hero.html"}
{"ts":"2026-03-14 11:22:05","event":"add","file":"/home/ahmed/efuzy/templates/partials/ui_nav.html"}
{"ts":"2026-03-14 11:22:05","event":"add","file":"/home/ahmed/efuzy/templates/partials/ui_tpl_card_grid.html"}
{"ts":"2026-03-14 11:22:05","event":"add","file":"/home/ahmed/efuzy/templates/partials/ui_tpl_card_list.html"}
{"ts":"2026-03-14 11:24:15","event":"add","file":"/home/ahmed/efuzy/templates/app_index.html"}
{"ts":"2026-03-14 11:24:15","event":"add","file":"/home/ahmed/efuzy/templates/app_layout.html"}
{"ts":"2026-03-14 11:24:15","event":"add","file":"/home/ahmed/efuzy/templates/layout.html"}
{"ts":"2026-03-14 11:24:15","event":"add","file":"/home/ahmed/efuzy/templates/layouts/efuzy_layout.html"}
{"ts":"2026-03-14 11:24:15","event":"add","file":"/home/ahmed/efuzy/templates/layouts/plgd_layout.html"}
{"ts":"2026-03-14 11:24:15","event":"add","file":"/home/ahmed/efuzy/templates/mio_index.html"}
{"ts":"2026-03-14 11:24:15","event":"add","file":"/home/ahmed/efuzy/templates/mio_layout.html"}
{"ts":"2026-03-14 11:24:15","event":"add","file":"/home/ahmed/efuzy/templates/mio_page.html"}
{"ts":"2026-03-14 11:24:15","event":"add","file":"/home/ahmed/efuzy/templates/mio_pkg.html"}
{"ts":"2026-03-14 11:24:15","event":"add","file":"/home/ahmed/efuzy/templates/mio_repo.html"}
{"ts":"2026-03-14 11:24:15","event":"add","file":"/home/ahmed/efuzy/templates/page.html"}
{"ts":"2026-03-14 11:24:15","event":"add","file":"/home/ahmed/efuzy/templates/pages/efuzy_automation.html"}
{"ts":"2026-03-14 11:24:15","event":"add","file":"/home/ahmed/efuzy/templates/pages/efuzy_job_detail.html"}
{"ts":"2026-03-14 11:24:15","event":"add","file":"/home/ahmed/efuzy/templates/pages/efuzy_jobs.html"}
{"ts":"2026-03-14 11:24:15","event":"add","file":"/home/ahmed/efuzy/templates/pages/efuzy_preview.html"}
{"ts":"2026-03-14 11:24:15","event":"add","file":"/home/ahmed/efuzy/templates/pages/efuzy_profile_edit.html"}
{"ts":"2026-03-14 11:24:15","event":"add","file":"/home/ahmed/efuzy/templates/pages/efuzy_profiles.html"}
{"ts":"2026-03-14 11:24:15","event":"add","file":"/home/ahmed/efuzy/templates/pages/efuzy_workspace.html"}
{"ts":"2026-03-14 11:24:15","event":"add","file":"/home/ahmed/efuzy/templates/pages/plgd_about.html"}
{"ts":"2026-03-14 11:24:15","event":"add","file":"/home/ahmed/efuzy/templates/pages/plgd_home.html"}
{"ts":"2026-03-14 11:24:15","event":"add","file":"/home/ahmed/efuzy/templates/pages/plgd_playground.html"}
{"ts":"2026-03-14 11:24:15","event":"add","file":"/home/ahmed/efuzy/templates/partials/mio_footer.html"}
{"ts":"2026-03-14 11:24:15","event":"add","file":"/home/ahmed/efuzy/templates/partials/mio_nav.html"}
{"ts":"2026-03-14 11:24:15","event":"add","file":"/home/ahmed/efuzy/templates/partials/ui_badge.html"}
{"ts":"2026-03-14 11:24:15","event":"add","file":"/home/ahmed/efuzy/templates/partials/ui_footer.html"}
{"ts":"2026-03-14 11:24:15","event":"add","file":"/home/ahmed/efuzy/templates/partials/ui_hero.html"}
{"ts":"2026-03-14 11:24:15","event":"add","file":"/home/ahmed/efuzy/templates/partials/ui_nav.html"}
{"ts":"2026-03-14 11:24:15","event":"add","file":"/home/ahmed/efuzy/templates/partials/ui_tpl_card_grid.html"}
{"ts":"2026-03-14 11:24:15","event":"add","file":"/home/ahmed/efuzy/templates/partials/ui_tpl_card_list.html"}
{"ts":"2026-03-14 11:31:08","event":"add","file":"/home/ahmed/efuzy/templates/app_index.html"}
{"ts":"2026-03-14 11:31:08","event":"add","file":"/home/ahmed/efuzy/templates/app_layout.html"}
{"ts":"2026-03-14 11:31:08","event":"add","file":"/home/ahmed/efuzy/templates/layout.html"}
{"ts":"2026-03-14 11:31:08","event":"add","file":"/home/ahmed/efuzy/templates/layouts/efuzy_layout.html"}
{"ts":"2026-03-14 11:31:08","event":"add","file":"/home/ahmed/efuzy/templates/layouts/plgd_layout.html"}
{"ts":"2026-03-14 11:31:08","event":"add","file":"/home/ahmed/efuzy/templates/mio_index.html"}
{"ts":"2026-03-14 11:31:08","event":"add","file":"/home/ahmed/efuzy/templates/mio_layout.html"}
{"ts":"2026-03-14 11:31:08","event":"add","file":"/home/ahmed/efuzy/templates/mio_page.html"}
{"ts":"2026-03-14 11:31:08","event":"add","file":"/home/ahmed/efuzy/templates/mio_pkg.html"}
{"ts":"2026-03-14 11:31:08","event":"add","file":"/home/ahmed/efuzy/templates/mio_repo.html"}
{"ts":"2026-03-14 11:31:08","event":"add","file":"/home/ahmed/efuzy/templates/page.html"}
{"ts":"2026-03-14 11:31:08","event":"add","file":"/home/ahmed/efuzy/templates/pages/efuzy_automation.html"}
{"ts":"2026-03-14 11:31:08","event":"add","file":"/home/ahmed/efuzy/templates/pages/efuzy_job_detail.html"}
{"ts":"2026-03-14 11:31:08","event":"add","file":"/home/ahmed/efuzy/templates/pages/efuzy_jobs.html"}
{"ts":"2026-03-14 11:31:08","event":"add","file":"/home/ahmed/efuzy/templates/pages/efuzy_preview.html"}
{"ts":"2026-03-14 11:31:08","event":"add","file":"/home/ahmed/efuzy/templates/pages/efuzy_profile_edit.html"}
{"ts":"2026-03-14 11:31:08","event":"add","file":"/home/ahmed/efuzy/templates/pages/efuzy_profiles.html"}
{"ts":"2026-03-14 11:31:08","event":"add","file":"/home/ahmed/efuzy/templates/pages/efuzy_workspace.html"}
{"ts":"2026-03-14 11:31:08","event":"add","file":"/home/ahmed/efuzy/templates/pages/plgd_about.html"}
{"ts":"2026-03-14 11:31:08","event":"add","file":"/home/ahmed/efuzy/templates/pages/plgd_home.html"}
{"ts":"2026-03-14 11:31:08","event":"add","file":"/home/ahmed/efuzy/templates/pages/plgd_playground.html"}
{"ts":"2026-03-14 11:31:08","event":"add","file":"/home/ahmed/efuzy/templates/partials/mio_footer.html"}
{"ts":"2026-03-14 11:31:08","event":"add","file":"/home/ahmed/efuzy/templates/partials/mio_nav.html"}
{"ts":"2026-03-14 11:31:08","event":"add","file":"/home/ahmed/efuzy/templates/partials/ui_badge.html"}
{"ts":"2026-03-14 11:31:08","event":"add","file":"/home/ahmed/efuzy/templates/partials/ui_footer.html"}
{"ts":"2026-03-14 11:31:08","event":"add","file":"/home/ahmed/efuzy/templates/partials/ui_hero.html"}
{"ts":"2026-03-14 11:31:08","event":"add","file":"/home/ahmed/efuzy/templates/partials/ui_nav.html"}
{"ts":"2026-03-14 11:31:08","event":"add","file":"/home/ahmed/efuzy/templates/partials/ui_tpl_card_grid.html"}
{"ts":"2026-03-14 11:31:08","event":"add","file":"/home/ahmed/efuzy/templates/partials/ui_tpl_card_list.html"}
{"ts":"2026-03-14 11:40:18","event":"add","file":"/home/ahmed/efuzy/templates/app_index.html"}
{"ts":"2026-03-14 11:40:18","event":"add","file":"/home/ahmed/efuzy/templates/app_layout.html"}
{"ts":"2026-03-14 11:40:18","event":"add","file":"/home/ahmed/efuzy/templates/layout.html"}
{"ts":"2026-03-14 11:40:18","event":"add","file":"/home/ahmed/efuzy/templates/layouts/efuzy_layout.html"}
{"ts":"2026-03-14 11:40:18","event":"add","file":"/home/ahmed/efuzy/templates/layouts/plgd_layout.html"}
{"ts":"2026-03-14 11:40:18","event":"add","file":"/home/ahmed/efuzy/templates/mio_index.html"}
{"ts":"2026-03-14 11:40:18","event":"add","file":"/home/ahmed/efuzy/templates/mio_layout.html"}
{"ts":"2026-03-14 11:40:18","event":"add","file":"/home/ahmed/efuzy/templates/mio_page.html"}
{"ts":"2026-03-14 11:40:18","event":"add","file":"/home/ahmed/efuzy/templates/mio_pkg.html"}
{"ts":"2026-03-14 11:40:18","event":"add","file":"/home/ahmed/efuzy/templates/mio_repo.html"}
{"ts":"2026-03-14 11:40:18","event":"add","file":"/home/ahmed/efuzy/templates/page.html"}
{"ts":"2026-03-14 11:40:18","event":"add","file":"/home/ahmed/efuzy/templates/pages/efuzy_automation.html"}
{"ts":"2026-03-14 11:40:18","event":"add","file":"/home/ahmed/efuzy/templates/pages/efuzy_job_detail.html"}
{"ts":"2026-03-14 11:40:18","event":"add","file":"/home/ahmed/efuzy/templates/pages/efuzy_jobs.html"}
{"ts":"2026-03-14 11:40:18","event":"add","file":"/home/ahmed/efuzy/templates/pages/efuzy_preview.html"}
{"ts":"2026-03-14 11:40:18","event":"add","file":"/home/ahmed/efuzy/templates/pages/efuzy_profile_edit.html"}
{"ts":"2026-03-14 11:40:18","event":"add","file":"/home/ahmed/efuzy/templates/pages/efuzy_profiles.html"}
{"ts":"2026-03-14 11:40:18","event":"add","file":"/home/ahmed/efuzy/templates/pages/efuzy_workspace.html"}
{"ts":"2026-03-14 11:40:18","event":"add","file":"/home/ahmed/efuzy/templates/pages/plgd_about.html"}
{"ts":"2026-03-14 11:40:18","event":"add","file":"/home/ahmed/efuzy/templates/pages/plgd_home.html"}
{"ts":"2026-03-14 11:40:18","event":"add","file":"/home/ahmed/efuzy/templates/pages/plgd_playground.html"}
{"ts":"2026-03-14 11:40:18","event":"add","file":"/home/ahmed/efuzy/templates/partials/mio_footer.html"}
{"ts":"2026-03-14 11:40:18","event":"add","file":"/home/ahmed/efuzy/templates/partials/mio_nav.html"}
{"ts":"2026-03-14 11:40:18","event":"add","file":"/home/ahmed/efuzy/templates/partials/ui_badge.html"}
{"ts":"2026-03-14 11:40:18","event":"add","file":"/home/ahmed/efuzy/templates/partials/ui_footer.html"}
{"ts":"2026-03-14 11:40:18","event":"add","file":"/home/ahmed/efuzy/templates/partials/ui_hero.html"}
{"ts":"2026-03-14 11:40:18","event":"add","file":"/home/ahmed/efuzy/templates/partials/ui_nav.html"}
{"ts":"2026-03-14 11:40:18","event":"add","file":"/home/ahmed/efuzy/templates/partials/ui_tpl_card_grid.html"}
{"ts":"2026-03-14 11:40:18","event":"add","file":"/home/ahmed/efuzy/templates/partials/ui_tpl_card_list.html"}
{"ts":"2026-03-14 12:33:32","event":"add","file":"/home/ahmed/efuzy/templates/app_index.html"}
{"ts":"2026-03-14 12:33:32","event":"add","file":"/home/ahmed/efuzy/templates/app_layout.html"}
{"ts":"2026-03-14 12:33:32","event":"add","file":"/home/ahmed/efuzy/templates/layout.html"}
{"ts":"2026-03-14 12:33:32","event":"add","file":"/home/ahmed/efuzy/templates/layouts/efuzy_layout.html"}
{"ts":"2026-03-14 12:33:32","event":"add","file":"/home/ahmed/efuzy/templates/layouts/plgd_layout.html"}
{"ts":"2026-03-14 12:33:32","event":"add","file":"/home/ahmed/efuzy/templates/mio_index.html"}
{"ts":"2026-03-14 12:33:32","event":"add","file":"/home/ahmed/efuzy/templates/mio_layout.html"}
{"ts":"2026-03-14 12:33:32","event":"add","file":"/home/ahmed/efuzy/templates/mio_page.html"}
{"ts":"2026-03-14 12:33:32","event":"add","file":"/home/ahmed/efuzy/templates/mio_pkg.html"}
{"ts":"2026-03-14 12:33:32","event":"add","file":"/home/ahmed/efuzy/templates/mio_repo.html"}
{"ts":"2026-03-14 12:33:32","event":"add","file":"/home/ahmed/efuzy/templates/page.html"}
{"ts":"2026-03-14 12:33:32","event":"add","file":"/home/ahmed/efuzy/templates/pages/efuzy_automation.html"}
{"ts":"2026-03-14 12:33:32","event":"add","file":"/home/ahmed/efuzy/templates/pages/efuzy_job_detail.html"}
{"ts":"2026-03-14 12:33:32","event":"add","file":"/home/ahmed/efuzy/templates/pages/efuzy_jobs.html"}
{"ts":"2026-03-14 12:33:32","event":"add","file":"/home/ahmed/efuzy/templates/pages/efuzy_preview.html"}
{"ts":"2026-03-14 12:33:32","event":"add","file":"/home/ahmed/efuzy/templates/pages/efuzy_profile_edit.html"}
{"ts":"2026-03-14 12:33:32","event":"add","file":"/home/ahmed/efuzy/templates/pages/efuzy_profiles.html"}
{"ts":"2026-03-14 12:33:32","event":"add","file":"/home/ahmed/efuzy/templates/pages/efuzy_workspace.html"}
{"ts":"2026-03-14 12:33:32","event":"add","file":"/home/ahmed/efuzy/templates/pages/plgd_about.html"}
{"ts":"2026-03-14 12:33:32","event":"add","file":"/home/ahmed/efuzy/templates/pages/plgd_home.html"}
{"ts":"2026-03-14 12:33:32","event":"add","file":"/home/ahmed/efuzy/templates/pages/plgd_playground.html"}
{"ts":"2026-03-14 12:33:32","event":"add","file":"/home/ahmed/efuzy/templates/partials/mio_footer.html"}
{"ts":"2026-03-14 12:33:32","event":"add","file":"/home/ahmed/efuzy/templates/partials/mio_nav.html"}
{"ts":"2026-03-14 12:33:32","event":"add","file":"/home/ahmed/efuzy/templates/partials/ui_badge.html"}
{"ts":"2026-03-14 12:33:32","event":"add","file":"/home/ahmed/efuzy/templates/partials/ui_footer.html"}
{"ts":"2026-03-14 12:33:32","event":"add","file":"/home/ahmed/efuzy/templates/partials/ui_hero.html"}
{"ts":"2026-03-14 12:33:32","event":"add","file":"/home/ahmed/efuzy/templates/partials/ui_nav.html"}
{"ts":"2026-03-14 12:33:32","event":"add","file":"/home/ahmed/efuzy/templates/partials/ui_tpl_card_grid.html"}
{"ts":"2026-03-14 12:33:32","event":"add","file":"/home/ahmed/efuzy/templates/partials/ui_tpl_card_list.html"}
{"ts":"2026-03-14 13:05:14","event":"add","file":"/home/ahmed/efuzy/templates/app_index.html"}
{"ts":"2026-03-14 13:05:14","event":"add","file":"/home/ahmed/efuzy/templates/app_layout.html"}
{"ts":"2026-03-14 13:05:14","event":"add","file":"/home/ahmed/efuzy/templates/layout.html"}
{"ts":"2026-03-14 13:05:14","event":"add","file":"/home/ahmed/efuzy/templates/layouts/efuzy_layout.html"}
{"ts":"2026-03-14 13:05:14","event":"add","file":"/home/ahmed/efuzy/templates/layouts/plgd_layout.html"}
{"ts":"2026-03-14 13:05:14","event":"add","file":"/home/ahmed/efuzy/templates/mio_index.html"}
{"ts":"2026-03-14 13:05:14","event":"add","file":"/home/ahmed/efuzy/templates/mio_layout.html"}
{"ts":"2026-03-14 13:05:14","event":"add","file":"/home/ahmed/efuzy/templates/mio_page.html"}
{"ts":"2026-03-14 13:05:14","event":"add","file":"/home/ahmed/efuzy/templates/mio_pkg.html"}
{"ts":"2026-03-14 13:05:14","event":"add","file":"/home/ahmed/efuzy/templates/mio_repo.html"}
{"ts":"2026-03-14 13:05:14","event":"add","file":"/home/ahmed/efuzy/templates/page.html"}
{"ts":"2026-03-14 13:05:14","event":"add","file":"/home/ahmed/efuzy/templates/pages/efuzy_automation.html"}
{"ts":"2026-03-14 13:05:14","event":"add","file":"/home/ahmed/efuzy/templates/pages/efuzy_job_detail.html"}
{"ts":"2026-03-14 13:05:14","event":"add","file":"/home/ahmed/efuzy/templates/pages/efuzy_jobs.html"}
{"ts":"2026-03-14 13:05:14","event":"add","file":"/home/ahmed/efuzy/templates/pages/efuzy_preview.html"}
{"ts":"2026-03-14 13:05:14","event":"add","file":"/home/ahmed/efuzy/templates/pages/efuzy_profile_edit.html"}
{"ts":"2026-03-14 13:05:14","event":"add","file":"/home/ahmed/efuzy/templates/pages/efuzy_profiles.html"}
{"ts":"2026-03-14 13:05:14","event":"add","file":"/home/ahmed/efuzy/templates/pages/efuzy_workspace.html"}
{"ts":"2026-03-14 13:05:14","event":"add","file":"/home/ahmed/efuzy/templates/pages/plgd_about.html"}
{"ts":"2026-03-14 13:05:14","event":"add","file":"/home/ahmed/efuzy/templates/pages/plgd_home.html"}
{"ts":"2026-03-14 13:05:14","event":"add","file":"/home/ahmed/efuzy/templates/pages/plgd_playground.html"}
{"ts":"2026-03-14 13:05:14","event":"add","file":"/home/ahmed/efuzy/templates/partials/mio_footer.html"}
{"ts":"2026-03-14 13:05:14","event":"add","file":"/home/ahmed/efuzy/templates/partials/mio_nav.html"}
{"ts":"2026-03-14 13:05:14","event":"add","file":"/home/ahmed/efuzy/templates/partials/ui_badge.html"}
{"ts":"2026-03-14 13:05:14","event":"add","file":"/home/ahmed/efuzy/templates/partials/ui_footer.html"}
{"ts":"2026-03-14 13:05:14","event":"add","file":"/home/ahmed/efuzy/templates/partials/ui_hero.html"}
{"ts":"2026-03-14 13:05:14","event":"add","file":"/home/ahmed/efuzy/templates/partials/ui_nav.html"}
{"ts":"2026-03-14 13:05:14","event":"add","file":"/home/ahmed/efuzy/templates/partials/ui_tpl_card_grid.html"}
{"ts":"2026-03-14 13:05:14","event":"add","file":"/home/ahmed/efuzy/templates/partials/ui_tpl_card_list.html"}
