2026-03-09 05:49:52 watcher_start pid=22336 pattern=*.html
{"ts":"2026-03-09 05:49:52","event":"add","file":"/home/ahmed/efuzy/templates/layouts/efuzy_layout.html"}
{"ts":"2026-03-09 05:49:52","event":"add","file":"/home/ahmed/efuzy/templates/pages/efuzy_automation.html"}
{"ts":"2026-03-09 05:49:52","event":"add","file":"/home/ahmed/efuzy/templates/pages/efuzy_job_detail.html"}
{"ts":"2026-03-09 05:49:52","event":"add","file":"/home/ahmed/efuzy/templates/pages/efuzy_preview.html"}
{"ts":"2026-03-09 05:49:52","event":"add","file":"/home/ahmed/efuzy/templates/pages/efuzy_profile_edit.html"}
{"ts":"2026-03-09 05:49:52","event":"add","file":"/home/ahmed/efuzy/templates/pages/efuzy_profiles.html"}
{"ts":"2026-03-09 05:49:52","event":"add","file":"/home/ahmed/efuzy/templates/pages/efuzy_workspace.html"}
{"ts":"2026-03-09 05:52:14","event":"add","file":"/home/ahmed/efuzy/templates/app_index.html"}
{"ts":"2026-03-09 05:52:14","event":"add","file":"/home/ahmed/efuzy/templates/app_layout.html"}
{"ts":"2026-03-09 05:52:14","event":"add","file":"/home/ahmed/efuzy/templates/layout.html"}
{"ts":"2026-03-09 05:52:14","event":"add","file":"/home/ahmed/efuzy/templates/layouts/plgd_layout.html"}
{"ts":"2026-03-09 05:52:14","event":"add","file":"/home/ahmed/efuzy/templates/mio_index.html"}
{"ts":"2026-03-09 05:52:14","event":"add","file":"/home/ahmed/efuzy/templates/mio_layout.html"}
{"ts":"2026-03-09 05:52:14","event":"add","file":"/home/ahmed/efuzy/templates/mio_page.html"}
{"ts":"2026-03-09 05:52:14","event":"add","file":"/home/ahmed/efuzy/templates/mio_pkg.html"}
{"ts":"2026-03-09 05:52:14","event":"add","file":"/home/ahmed/efuzy/templates/mio_repo.html"}
{"ts":"2026-03-09 05:52:14","event":"add","file":"/home/ahmed/efuzy/templates/page.html"}
{"ts":"2026-03-09 05:52:14","event":"add","file":"/home/ahmed/efuzy/templates/pages/plgd_about.html"}
{"ts":"2026-03-09 05:52:14","event":"add","file":"/home/ahmed/efuzy/templates/pages/plgd_home.html"}
{"ts":"2026-03-09 05:52:14","event":"add","file":"/home/ahmed/efuzy/templates/pages/plgd_playground.html"}
{"ts":"2026-03-09 05:52:14","event":"add","file":"/home/ahmed/efuzy/templates/partials/mio_footer.html"}
{"ts":"2026-03-09 05:52:14","event":"add","file":"/home/ahmed/efuzy/templates/partials/mio_nav.html"}
{"ts":"2026-03-09 05:52:14","event":"add","file":"/home/ahmed/efuzy/templates/partials/ui_badge.html"}
{"ts":"2026-03-09 05:52:14","event":"add","file":"/home/ahmed/efuzy/templates/partials/ui_footer.html"}
{"ts":"2026-03-09 05:52:14","event":"add","file":"/home/ahmed/efuzy/templates/partials/ui_hero.html"}
{"ts":"2026-03-09 05:52:14","event":"add","file":"/home/ahmed/efuzy/templates/partials/ui_nav.html"}
{"ts":"2026-03-09 05:52:14","event":"add","file":"/home/ahmed/efuzy/templates/partials/ui_tpl_card_grid.html"}
{"ts":"2026-03-09 05:52:14","event":"add","file":"/home/ahmed/efuzy/templates/partials/ui_tpl_card_list.html"}
{"ts":"2026-03-09 05:56:55","event":"add","file":"/home/ahmed/efuzy/templates/app_index.html"}
{"ts":"2026-03-09 05:56:55","event":"add","file":"/home/ahmed/efuzy/templates/app_layout.html"}
{"ts":"2026-03-09 05:56:55","event":"add","file":"/home/ahmed/efuzy/templates/layout.html"}
{"ts":"2026-03-09 05:56:55","event":"add","file":"/home/ahmed/efuzy/templates/layouts/efuzy_layout.html"}
{"ts":"2026-03-09 05:56:55","event":"add","file":"/home/ahmed/efuzy/templates/layouts/plgd_layout.html"}
{"ts":"2026-03-09 05:56:55","event":"add","file":"/home/ahmed/efuzy/templates/mio_index.html"}
{"ts":"2026-03-09 05:56:55","event":"add","file":"/home/ahmed/efuzy/templates/mio_layout.html"}
{"ts":"2026-03-09 05:56:55","event":"add","file":"/home/ahmed/efuzy/templates/mio_page.html"}
{"ts":"2026-03-09 05:56:55","event":"add","file":"/home/ahmed/efuzy/templates/mio_pkg.html"}
{"ts":"2026-03-09 05:56:55","event":"add","file":"/home/ahmed/efuzy/templates/mio_repo.html"}
{"ts":"2026-03-09 05:56:55","event":"add","file":"/home/ahmed/efuzy/templates/page.html"}
{"ts":"2026-03-09 05:56:55","event":"add","file":"/home/ahmed/efuzy/templates/pages/efuzy_automation.html"}
{"ts":"2026-03-09 05:56:55","event":"add","file":"/home/ahmed/efuzy/templates/pages/efuzy_job_detail.html"}
{"ts":"2026-03-09 05:56:55","event":"add","file":"/home/ahmed/efuzy/templates/pages/efuzy_preview.html"}
{"ts":"2026-03-09 05:56:55","event":"add","file":"/home/ahmed/efuzy/templates/pages/efuzy_profile_edit.html"}
{"ts":"2026-03-09 05:56:55","event":"add","file":"/home/ahmed/efuzy/templates/pages/efuzy_profiles.html"}
{"ts":"2026-03-09 05:56:55","event":"add","file":"/home/ahmed/efuzy/templates/pages/efuzy_workspace.html"}
{"ts":"2026-03-09 05:56:55","event":"add","file":"/home/ahmed/efuzy/templates/pages/plgd_about.html"}
{"ts":"2026-03-09 05:56:55","event":"add","file":"/home/ahmed/efuzy/templates/pages/plgd_home.html"}
{"ts":"2026-03-09 05:56:55","event":"add","file":"/home/ahmed/efuzy/templates/pages/plgd_playground.html"}
{"ts":"2026-03-09 05:56:55","event":"add","file":"/home/ahmed/efuzy/templates/partials/mio_footer.html"}
{"ts":"2026-03-09 05:56:55","event":"add","file":"/home/ahmed/efuzy/templates/partials/mio_nav.html"}
{"ts":"2026-03-09 05:56:55","event":"add","file":"/home/ahmed/efuzy/templates/partials/ui_badge.html"}
{"ts":"2026-03-09 05:56:55","event":"add","file":"/home/ahmed/efuzy/templates/partials/ui_footer.html"}
{"ts":"2026-03-09 05:56:55","event":"add","file":"/home/ahmed/efuzy/templates/partials/ui_hero.html"}
{"ts":"2026-03-09 05:56:55","event":"add","file":"/home/ahmed/efuzy/templates/partials/ui_nav.html"}
{"ts":"2026-03-09 05:56:55","event":"add","file":"/home/ahmed/efuzy/templates/partials/ui_tpl_card_grid.html"}
{"ts":"2026-03-09 05:56:55","event":"add","file":"/home/ahmed/efuzy/templates/partials/ui_tpl_card_list.html"}
{"ts":"2026-03-09 06:18:04","event":"add","file":"/home/ahmed/efuzy/templates/app_index.html"}
{"ts":"2026-03-09 06:18:04","event":"add","file":"/home/ahmed/efuzy/templates/app_layout.html"}
{"ts":"2026-03-09 06:18:04","event":"add","file":"/home/ahmed/efuzy/templates/layout.html"}
{"ts":"2026-03-09 06:18:04","event":"add","file":"/home/ahmed/efuzy/templates/layouts/efuzy_layout.html"}
{"ts":"2026-03-09 06:18:04","event":"add","file":"/home/ahmed/efuzy/templates/layouts/plgd_layout.html"}
{"ts":"2026-03-09 06:18:04","event":"add","file":"/home/ahmed/efuzy/templates/mio_index.html"}
{"ts":"2026-03-09 06:18:04","event":"add","file":"/home/ahmed/efuzy/templates/mio_layout.html"}
{"ts":"2026-03-09 06:18:04","event":"add","file":"/home/ahmed/efuzy/templates/mio_page.html"}
{"ts":"2026-03-09 06:18:04","event":"add","file":"/home/ahmed/efuzy/templates/mio_pkg.html"}
{"ts":"2026-03-09 06:18:04","event":"add","file":"/home/ahmed/efuzy/templates/mio_repo.html"}
{"ts":"2026-03-09 06:18:04","event":"add","file":"/home/ahmed/efuzy/templates/page.html"}
{"ts":"2026-03-09 06:18:04","event":"add","file":"/home/ahmed/efuzy/templates/pages/efuzy_automation.html"}
{"ts":"2026-03-09 06:18:04","event":"add","file":"/home/ahmed/efuzy/templates/pages/efuzy_job_detail.html"}
{"ts":"2026-03-09 06:18:04","event":"add","file":"/home/ahmed/efuzy/templates/pages/efuzy_preview.html"}
{"ts":"2026-03-09 06:18:04","event":"add","file":"/home/ahmed/efuzy/templates/pages/efuzy_profile_edit.html"}
{"ts":"2026-03-09 06:18:04","event":"add","file":"/home/ahmed/efuzy/templates/pages/efuzy_profiles.html"}
{"ts":"2026-03-09 06:18:04","event":"add","file":"/home/ahmed/efuzy/templates/pages/efuzy_workspace.html"}
{"ts":"2026-03-09 06:18:04","event":"add","file":"/home/ahmed/efuzy/templates/pages/plgd_about.html"}
{"ts":"2026-03-09 06:18:04","event":"add","file":"/home/ahmed/efuzy/templates/pages/plgd_home.html"}
{"ts":"2026-03-09 06:18:04","event":"add","file":"/home/ahmed/efuzy/templates/pages/plgd_playground.html"}
{"ts":"2026-03-09 06:18:04","event":"add","file":"/home/ahmed/efuzy/templates/partials/mio_footer.html"}
{"ts":"2026-03-09 06:18:04","event":"add","file":"/home/ahmed/efuzy/templates/partials/mio_nav.html"}
{"ts":"2026-03-09 06:18:04","event":"add","file":"/home/ahmed/efuzy/templates/partials/ui_badge.html"}
{"ts":"2026-03-09 06:18:04","event":"add","file":"/home/ahmed/efuzy/templates/partials/ui_footer.html"}
{"ts":"2026-03-09 06:18:04","event":"add","file":"/home/ahmed/efuzy/templates/partials/ui_hero.html"}
{"ts":"2026-03-09 06:18:04","event":"add","file":"/home/ahmed/efuzy/templates/partials/ui_nav.html"}
{"ts":"2026-03-09 06:18:04","event":"add","file":"/home/ahmed/efuzy/templates/partials/ui_tpl_card_grid.html"}
{"ts":"2026-03-09 06:18:04","event":"add","file":"/home/ahmed/efuzy/templates/partials/ui_tpl_card_list.html"}
{"ts":"2026-03-11 03:24:12","event":"add","file":"/home/ahmed/efuzy/templates/app_index.html"}
{"ts":"2026-03-11 03:24:12","event":"add","file":"/home/ahmed/efuzy/templates/app_layout.html"}
{"ts":"2026-03-11 03:24:12","event":"add","file":"/home/ahmed/efuzy/templates/layout.html"}
{"ts":"2026-03-11 03:24:12","event":"add","file":"/home/ahmed/efuzy/templates/layouts/efuzy_layout.html"}
{"ts":"2026-03-11 03:24:12","event":"add","file":"/home/ahmed/efuzy/templates/layouts/plgd_layout.html"}
{"ts":"2026-03-11 03:24:12","event":"add","file":"/home/ahmed/efuzy/templates/mio_index.html"}
{"ts":"2026-03-11 03:24:12","event":"add","file":"/home/ahmed/efuzy/templates/mio_layout.html"}
{"ts":"2026-03-11 03:24:12","event":"add","file":"/home/ahmed/efuzy/templates/mio_page.html"}
{"ts":"2026-03-11 03:24:12","event":"add","file":"/home/ahmed/efuzy/templates/mio_pkg.html"}
{"ts":"2026-03-11 03:24:12","event":"add","file":"/home/ahmed/efuzy/templates/mio_repo.html"}
{"ts":"2026-03-11 03:24:12","event":"add","file":"/home/ahmed/efuzy/templates/page.html"}
{"ts":"2026-03-11 03:24:12","event":"add","file":"/home/ahmed/efuzy/templates/pages/efuzy_automation.html"}
{"ts":"2026-03-11 03:24:12","event":"add","file":"/home/ahmed/efuzy/templates/pages/efuzy_job_detail.html"}
{"ts":"2026-03-11 03:24:12","event":"add","file":"/home/ahmed/efuzy/templates/pages/efuzy_preview.html"}
{"ts":"2026-03-11 03:24:12","event":"add","file":"/home/ahmed/efuzy/templates/pages/efuzy_profile_edit.html"}
{"ts":"2026-03-11 03:24:12","event":"add","file":"/home/ahmed/efuzy/templates/pages/efuzy_profiles.html"}
{"ts":"2026-03-11 03:24:12","event":"add","file":"/home/ahmed/efuzy/templates/pages/efuzy_workspace.html"}
{"ts":"2026-03-11 03:24:12","event":"add","file":"/home/ahmed/efuzy/templates/pages/plgd_about.html"}
{"ts":"2026-03-11 03:24:12","event":"add","file":"/home/ahmed/efuzy/templates/pages/plgd_home.html"}
{"ts":"2026-03-11 03:24:12","event":"add","file":"/home/ahmed/efuzy/templates/pages/plgd_playground.html"}
{"ts":"2026-03-11 03:24:12","event":"add","file":"/home/ahmed/efuzy/templates/partials/mio_footer.html"}
{"ts":"2026-03-11 03:24:12","event":"add","file":"/home/ahmed/efuzy/templates/partials/mio_nav.html"}
{"ts":"2026-03-11 03:24:12","event":"add","file":"/home/ahmed/efuzy/templates/partials/ui_badge.html"}
{"ts":"2026-03-11 03:24:12","event":"add","file":"/home/ahmed/efuzy/templates/partials/ui_footer.html"}
{"ts":"2026-03-11 03:24:12","event":"add","file":"/home/ahmed/efuzy/templates/partials/ui_hero.html"}
{"ts":"2026-03-11 03:24:12","event":"add","file":"/home/ahmed/efuzy/templates/partials/ui_nav.html"}
{"ts":"2026-03-11 03:24:12","event":"add","file":"/home/ahmed/efuzy/templates/partials/ui_tpl_card_grid.html"}
{"ts":"2026-03-11 03:24:12","event":"add","file":"/home/ahmed/efuzy/templates/partials/ui_tpl_card_list.html"}
{"ts":"2026-03-11 03:25:56","event":"mod","file":"/home/ahmed/efuzy/templates/layouts/efuzy_layout.html"}
{"ts":"2026-03-11 03:25:57","event":"mod","file":"/home/ahmed/efuzy/templates/layouts/efuzy_layout.html"}
{"ts":"2026-03-11 03:27:56","event":"mod","file":"/home/ahmed/efuzy/templates/layouts/efuzy_layout.html"}
{"ts":"2026-03-11 03:27:58","event":"mod","file":"/home/ahmed/efuzy/templates/layouts/efuzy_layout.html"}
{"ts":"2026-03-11 03:28:14","event":"mod","file":"/home/ahmed/efuzy/templates/layouts/efuzy_layout.html"}
{"ts":"2026-03-11 03:28:53","event":"mod","file":"/home/ahmed/efuzy/templates/layouts/efuzy_layout.html"}
{"ts":"2026-03-11 03:29:11","event":"mod","file":"/home/ahmed/efuzy/templates/layouts/efuzy_layout.html"}
{"ts":"2026-03-11 03:29:13","event":"mod","file":"/home/ahmed/efuzy/templates/layouts/efuzy_layout.html"}
{"ts":"2026-03-11 03:29:33","event":"mod","file":"/home/ahmed/efuzy/templates/layouts/efuzy_layout.html"}
{"ts":"2026-03-11 03:29:48","event":"mod","file":"/home/ahmed/efuzy/templates/layouts/efuzy_layout.html"}
{"ts":"2026-03-11 03:29:57","event":"mod","file":"/home/ahmed/efuzy/templates/layouts/efuzy_layout.html"}
{"ts":"2026-03-11 03:30:04","event":"mod","file":"/home/ahmed/efuzy/templates/layouts/efuzy_layout.html"}
{"ts":"2026-03-13 14:22:32","event":"add","file":"/home/ahmed/efuzy/templates/app_index.html"}
{"ts":"2026-03-13 14:22:32","event":"add","file":"/home/ahmed/efuzy/templates/app_layout.html"}
{"ts":"2026-03-13 14:22:32","event":"add","file":"/home/ahmed/efuzy/templates/layout.html"}
{"ts":"2026-03-13 14:22:32","event":"add","file":"/home/ahmed/efuzy/templates/layouts/efuzy_layout.html"}
{"ts":"2026-03-13 14:22:32","event":"add","file":"/home/ahmed/efuzy/templates/layouts/plgd_layout.html"}
{"ts":"2026-03-13 14:22:32","event":"add","file":"/home/ahmed/efuzy/templates/mio_index.html"}
{"ts":"2026-03-13 14:22:32","event":"add","file":"/home/ahmed/efuzy/templates/mio_layout.html"}
{"ts":"2026-03-13 14:22:32","event":"add","file":"/home/ahmed/efuzy/templates/mio_page.html"}
{"ts":"2026-03-13 14:22:32","event":"add","file":"/home/ahmed/efuzy/templates/mio_pkg.html"}
{"ts":"2026-03-13 14:22:32","event":"add","file":"/home/ahmed/efuzy/templates/mio_repo.html"}
{"ts":"2026-03-13 14:22:32","event":"add","file":"/home/ahmed/efuzy/templates/page.html"}
{"ts":"2026-03-13 14:22:32","event":"add","file":"/home/ahmed/efuzy/templates/pages/efuzy_automation.html"}
{"ts":"2026-03-13 14:22:32","event":"add","file":"/home/ahmed/efuzy/templates/pages/efuzy_job_detail.html"}
{"ts":"2026-03-13 14:22:32","event":"add","file":"/home/ahmed/efuzy/templates/pages/efuzy_preview.html"}
{"ts":"2026-03-13 14:22:32","event":"add","file":"/home/ahmed/efuzy/templates/pages/efuzy_profile_edit.html"}
{"ts":"2026-03-13 14:22:32","event":"add","file":"/home/ahmed/efuzy/templates/pages/efuzy_profiles.html"}
{"ts":"2026-03-13 14:22:32","event":"add","file":"/home/ahmed/efuzy/templates/pages/efuzy_workspace.html"}
{"ts":"2026-03-13 14:22:32","event":"add","file":"/home/ahmed/efuzy/templates/pages/plgd_about.html"}
{"ts":"2026-03-13 14:22:32","event":"add","file":"/home/ahmed/efuzy/templates/pages/plgd_home.html"}
{"ts":"2026-03-13 14:22:32","event":"add","file":"/home/ahmed/efuzy/templates/pages/plgd_playground.html"}
{"ts":"2026-03-13 14:22:32","event":"add","file":"/home/ahmed/efuzy/templates/partials/mio_footer.html"}
{"ts":"2026-03-13 14:22:32","event":"add","file":"/home/ahmed/efuzy/templates/partials/mio_nav.html"}
{"ts":"2026-03-13 14:22:32","event":"add","file":"/home/ahmed/efuzy/templates/partials/ui_badge.html"}
{"ts":"2026-03-13 14:22:32","event":"add","file":"/home/ahmed/efuzy/templates/partials/ui_footer.html"}
{"ts":"2026-03-13 14:22:32","event":"add","file":"/home/ahmed/efuzy/templates/partials/ui_hero.html"}
{"ts":"2026-03-13 14:22:32","event":"add","file":"/home/ahmed/efuzy/templates/partials/ui_nav.html"}
{"ts":"2026-03-13 14:22:32","event":"add","file":"/home/ahmed/efuzy/templates/partials/ui_tpl_card_grid.html"}
{"ts":"2026-03-13 14:22:32","event":"add","file":"/home/ahmed/efuzy/templates/partials/ui_tpl_card_list.html"}
{"ts":"2026-03-13 14:23:04","event":"add","file":"/home/ahmed/efuzy/templates/app_index.html"}
{"ts":"2026-03-13 14:23:04","event":"add","file":"/home/ahmed/efuzy/templates/app_layout.html"}
{"ts":"2026-03-13 14:23:04","event":"add","file":"/home/ahmed/efuzy/templates/layout.html"}
{"ts":"2026-03-13 14:23:04","event":"add","file":"/home/ahmed/efuzy/templates/layouts/efuzy_layout.html"}
{"ts":"2026-03-13 14:23:04","event":"add","file":"/home/ahmed/efuzy/templates/layouts/plgd_layout.html"}
{"ts":"2026-03-13 14:23:04","event":"add","file":"/home/ahmed/efuzy/templates/mio_index.html"}
{"ts":"2026-03-13 14:23:04","event":"add","file":"/home/ahmed/efuzy/templates/mio_layout.html"}
{"ts":"2026-03-13 14:23:04","event":"add","file":"/home/ahmed/efuzy/templates/mio_page.html"}
{"ts":"2026-03-13 14:23:04","event":"add","file":"/home/ahmed/efuzy/templates/mio_pkg.html"}
{"ts":"2026-03-13 14:23:04","event":"add","file":"/home/ahmed/efuzy/templates/mio_repo.html"}
{"ts":"2026-03-13 14:23:04","event":"add","file":"/home/ahmed/efuzy/templates/page.html"}
{"ts":"2026-03-13 14:23:04","event":"add","file":"/home/ahmed/efuzy/templates/pages/efuzy_automation.html"}
{"ts":"2026-03-13 14:23:04","event":"add","file":"/home/ahmed/efuzy/templates/pages/efuzy_job_detail.html"}
{"ts":"2026-03-13 14:23:04","event":"add","file":"/home/ahmed/efuzy/templates/pages/efuzy_preview.html"}
{"ts":"2026-03-13 14:23:04","event":"add","file":"/home/ahmed/efuzy/templates/pages/efuzy_profile_edit.html"}
{"ts":"2026-03-13 14:23:04","event":"add","file":"/home/ahmed/efuzy/templates/pages/efuzy_profiles.html"}
{"ts":"2026-03-13 14:23:04","event":"add","file":"/home/ahmed/efuzy/templates/pages/efuzy_workspace.html"}
{"ts":"2026-03-13 14:23:04","event":"add","file":"/home/ahmed/efuzy/templates/pages/plgd_about.html"}
{"ts":"2026-03-13 14:23:04","event":"add","file":"/home/ahmed/efuzy/templates/pages/plgd_home.html"}
{"ts":"2026-03-13 14:23:04","event":"add","file":"/home/ahmed/efuzy/templates/pages/plgd_playground.html"}
{"ts":"2026-03-13 14:23:04","event":"add","file":"/home/ahmed/efuzy/templates/partials/mio_footer.html"}
{"ts":"2026-03-13 14:23:04","event":"add","file":"/home/ahmed/efuzy/templates/partials/mio_nav.html"}
{"ts":"2026-03-13 14:23:04","event":"add","file":"/home/ahmed/efuzy/templates/partials/ui_badge.html"}
{"ts":"2026-03-13 14:23:04","event":"add","file":"/home/ahmed/efuzy/templates/partials/ui_footer.html"}
{"ts":"2026-03-13 14:23:04","event":"add","file":"/home/ahmed/efuzy/templates/partials/ui_hero.html"}
{"ts":"2026-03-13 14:23:04","event":"add","file":"/home/ahmed/efuzy/templates/partials/ui_nav.html"}
{"ts":"2026-03-13 14:23:04","event":"add","file":"/home/ahmed/efuzy/templates/partials/ui_tpl_card_grid.html"}
{"ts":"2026-03-13 14:23:04","event":"add","file":"/home/ahmed/efuzy/templates/partials/ui_tpl_card_list.html"}
{"ts":"2026-03-13 17:51:22","event":"add","file":"/home/ahmed/efuzy/templates/app_index.html"}
{"ts":"2026-03-13 17:51:22","event":"add","file":"/home/ahmed/efuzy/templates/app_layout.html"}
{"ts":"2026-03-13 17:51:22","event":"add","file":"/home/ahmed/efuzy/templates/layout.html"}
{"ts":"2026-03-13 17:51:22","event":"add","file":"/home/ahmed/efuzy/templates/layouts/efuzy_layout.html"}
{"ts":"2026-03-13 17:51:22","event":"add","file":"/home/ahmed/efuzy/templates/layouts/plgd_layout.html"}
{"ts":"2026-03-13 17:51:22","event":"add","file":"/home/ahmed/efuzy/templates/mio_index.html"}
{"ts":"2026-03-13 17:51:22","event":"add","file":"/home/ahmed/efuzy/templates/mio_layout.html"}
{"ts":"2026-03-13 17:51:22","event":"add","file":"/home/ahmed/efuzy/templates/mio_page.html"}
{"ts":"2026-03-13 17:51:22","event":"add","file":"/home/ahmed/efuzy/templates/mio_pkg.html"}
{"ts":"2026-03-13 17:51:22","event":"add","file":"/home/ahmed/efuzy/templates/mio_repo.html"}
{"ts":"2026-03-13 17:51:22","event":"add","file":"/home/ahmed/efuzy/templates/page.html"}
{"ts":"2026-03-13 17:51:22","event":"add","file":"/home/ahmed/efuzy/templates/pages/efuzy_automation.html"}
{"ts":"2026-03-13 17:51:22","event":"add","file":"/home/ahmed/efuzy/templates/pages/efuzy_job_detail.html"}
{"ts":"2026-03-13 17:51:22","event":"add","file":"/home/ahmed/efuzy/templates/pages/efuzy_preview.html"}
{"ts":"2026-03-13 17:51:22","event":"add","file":"/home/ahmed/efuzy/templates/pages/efuzy_profile_edit.html"}
{"ts":"2026-03-13 17:51:22","event":"add","file":"/home/ahmed/efuzy/templates/pages/efuzy_profiles.html"}
{"ts":"2026-03-13 17:51:22","event":"add","file":"/home/ahmed/efuzy/templates/pages/efuzy_workspace.html"}
{"ts":"2026-03-13 17:51:22","event":"add","file":"/home/ahmed/efuzy/templates/pages/plgd_about.html"}
{"ts":"2026-03-13 17:51:22","event":"add","file":"/home/ahmed/efuzy/templates/pages/plgd_home.html"}
{"ts":"2026-03-13 17:51:22","event":"add","file":"/home/ahmed/efuzy/templates/pages/plgd_playground.html"}
{"ts":"2026-03-13 17:51:22","event":"add","file":"/home/ahmed/efuzy/templates/partials/mio_footer.html"}
{"ts":"2026-03-13 17:51:22","event":"add","file":"/home/ahmed/efuzy/templates/partials/mio_nav.html"}
{"ts":"2026-03-13 17:51:22","event":"add","file":"/home/ahmed/efuzy/templates/partials/ui_badge.html"}
{"ts":"2026-03-13 17:51:22","event":"add","file":"/home/ahmed/efuzy/templates/partials/ui_footer.html"}
{"ts":"2026-03-13 17:51:22","event":"add","file":"/home/ahmed/efuzy/templates/partials/ui_hero.html"}
{"ts":"2026-03-13 17:51:22","event":"add","file":"/home/ahmed/efuzy/templates/partials/ui_nav.html"}
{"ts":"2026-03-13 17:51:22","event":"add","file":"/home/ahmed/efuzy/templates/partials/ui_tpl_card_grid.html"}
{"ts":"2026-03-13 17:51:22","event":"add","file":"/home/ahmed/efuzy/templates/partials/ui_tpl_card_list.html"}
{"ts":"2026-03-13 17:53:27","event":"add","file":"/home/ahmed/efuzy/templates/app_index.html"}
{"ts":"2026-03-13 17:53:27","event":"add","file":"/home/ahmed/efuzy/templates/app_layout.html"}
{"ts":"2026-03-13 17:53:27","event":"add","file":"/home/ahmed/efuzy/templates/layout.html"}
{"ts":"2026-03-13 17:53:27","event":"add","file":"/home/ahmed/efuzy/templates/layouts/efuzy_layout.html"}
{"ts":"2026-03-13 17:53:27","event":"add","file":"/home/ahmed/efuzy/templates/layouts/plgd_layout.html"}
{"ts":"2026-03-13 17:53:27","event":"add","file":"/home/ahmed/efuzy/templates/mio_index.html"}
{"ts":"2026-03-13 17:53:27","event":"add","file":"/home/ahmed/efuzy/templates/mio_layout.html"}
{"ts":"2026-03-13 17:53:27","event":"add","file":"/home/ahmed/efuzy/templates/mio_page.html"}
{"ts":"2026-03-13 17:53:27","event":"add","file":"/home/ahmed/efuzy/templates/mio_pkg.html"}
{"ts":"2026-03-13 17:53:27","event":"add","file":"/home/ahmed/efuzy/templates/mio_repo.html"}
{"ts":"2026-03-13 17:53:27","event":"add","file":"/home/ahmed/efuzy/templates/page.html"}
{"ts":"2026-03-13 17:53:27","event":"add","file":"/home/ahmed/efuzy/templates/pages/efuzy_automation.html"}
{"ts":"2026-03-13 17:53:27","event":"add","file":"/home/ahmed/efuzy/templates/pages/efuzy_job_detail.html"}
{"ts":"2026-03-13 17:53:27","event":"add","file":"/home/ahmed/efuzy/templates/pages/efuzy_preview.html"}
{"ts":"2026-03-13 17:53:27","event":"add","file":"/home/ahmed/efuzy/templates/pages/efuzy_profile_edit.html"}
{"ts":"2026-03-13 17:53:27","event":"add","file":"/home/ahmed/efuzy/templates/pages/efuzy_profiles.html"}
{"ts":"2026-03-13 17:53:27","event":"add","file":"/home/ahmed/efuzy/templates/pages/efuzy_workspace.html"}
{"ts":"2026-03-13 17:53:27","event":"add","file":"/home/ahmed/efuzy/templates/pages/plgd_about.html"}
{"ts":"2026-03-13 17:53:27","event":"add","file":"/home/ahmed/efuzy/templates/pages/plgd_home.html"}
{"ts":"2026-03-13 17:53:27","event":"add","file":"/home/ahmed/efuzy/templates/pages/plgd_playground.html"}
{"ts":"2026-03-13 17:53:27","event":"add","file":"/home/ahmed/efuzy/templates/partials/mio_footer.html"}
{"ts":"2026-03-13 17:53:27","event":"add","file":"/home/ahmed/efuzy/templates/partials/mio_nav.html"}
{"ts":"2026-03-13 17:53:27","event":"add","file":"/home/ahmed/efuzy/templates/partials/ui_badge.html"}
{"ts":"2026-03-13 17:53:27","event":"add","file":"/home/ahmed/efuzy/templates/partials/ui_footer.html"}
{"ts":"2026-03-13 17:53:27","event":"add","file":"/home/ahmed/efuzy/templates/partials/ui_hero.html"}
{"ts":"2026-03-13 17:53:27","event":"add","file":"/home/ahmed/efuzy/templates/partials/ui_nav.html"}
{"ts":"2026-03-13 17:53:27","event":"add","file":"/home/ahmed/efuzy/templates/partials/ui_tpl_card_grid.html"}
{"ts":"2026-03-13 17:53:27","event":"add","file":"/home/ahmed/efuzy/templates/partials/ui_tpl_card_list.html"}
{"ts":"2026-03-13 17:54:25","event":"add","file":"/home/ahmed/efuzy/templates/app_index.html"}
{"ts":"2026-03-13 17:54:25","event":"add","file":"/home/ahmed/efuzy/templates/app_layout.html"}
{"ts":"2026-03-13 17:54:25","event":"add","file":"/home/ahmed/efuzy/templates/layout.html"}
{"ts":"2026-03-13 17:54:25","event":"add","file":"/home/ahmed/efuzy/templates/layouts/efuzy_layout.html"}
{"ts":"2026-03-13 17:54:25","event":"add","file":"/home/ahmed/efuzy/templates/layouts/plgd_layout.html"}
{"ts":"2026-03-13 17:54:25","event":"add","file":"/home/ahmed/efuzy/templates/mio_index.html"}
{"ts":"2026-03-13 17:54:25","event":"add","file":"/home/ahmed/efuzy/templates/mio_layout.html"}
{"ts":"2026-03-13 17:54:25","event":"add","file":"/home/ahmed/efuzy/templates/mio_page.html"}
{"ts":"2026-03-13 17:54:25","event":"add","file":"/home/ahmed/efuzy/templates/mio_pkg.html"}
{"ts":"2026-03-13 17:54:25","event":"add","file":"/home/ahmed/efuzy/templates/mio_repo.html"}
{"ts":"2026-03-13 17:54:25","event":"add","file":"/home/ahmed/efuzy/templates/page.html"}
{"ts":"2026-03-13 17:54:25","event":"add","file":"/home/ahmed/efuzy/templates/pages/efuzy_automation.html"}
{"ts":"2026-03-13 17:54:25","event":"add","file":"/home/ahmed/efuzy/templates/pages/efuzy_job_detail.html"}
{"ts":"2026-03-13 17:54:25","event":"add","file":"/home/ahmed/efuzy/templates/pages/efuzy_preview.html"}
{"ts":"2026-03-13 17:54:25","event":"add","file":"/home/ahmed/efuzy/templates/pages/efuzy_profile_edit.html"}
{"ts":"2026-03-13 17:54:25","event":"add","file":"/home/ahmed/efuzy/templates/pages/efuzy_profiles.html"}
{"ts":"2026-03-13 17:54:25","event":"add","file":"/home/ahmed/efuzy/templates/pages/efuzy_workspace.html"}
{"ts":"2026-03-13 17:54:25","event":"add","file":"/home/ahmed/efuzy/templates/pages/plgd_about.html"}
{"ts":"2026-03-13 17:54:25","event":"add","file":"/home/ahmed/efuzy/templates/pages/plgd_home.html"}
{"ts":"2026-03-13 17:54:25","event":"add","file":"/home/ahmed/efuzy/templates/pages/plgd_playground.html"}
{"ts":"2026-03-13 17:54:25","event":"add","file":"/home/ahmed/efuzy/templates/partials/mio_footer.html"}
{"ts":"2026-03-13 17:54:25","event":"add","file":"/home/ahmed/efuzy/templates/partials/mio_nav.html"}
{"ts":"2026-03-13 17:54:25","event":"add","file":"/home/ahmed/efuzy/templates/partials/ui_badge.html"}
{"ts":"2026-03-13 17:54:25","event":"add","file":"/home/ahmed/efuzy/templates/partials/ui_footer.html"}
{"ts":"2026-03-13 17:54:25","event":"add","file":"/home/ahmed/efuzy/templates/partials/ui_hero.html"}
{"ts":"2026-03-13 17:54:25","event":"add","file":"/home/ahmed/efuzy/templates/partials/ui_nav.html"}
{"ts":"2026-03-13 17:54:25","event":"add","file":"/home/ahmed/efuzy/templates/partials/ui_tpl_card_grid.html"}
{"ts":"2026-03-13 17:54:25","event":"add","file":"/home/ahmed/efuzy/templates/partials/ui_tpl_card_list.html"}
{"ts":"2026-03-13 17:55:34","event":"add","file":"/home/ahmed/efuzy/templates/app_index.html"}
{"ts":"2026-03-13 17:55:34","event":"add","file":"/home/ahmed/efuzy/templates/app_layout.html"}
{"ts":"2026-03-13 17:55:34","event":"add","file":"/home/ahmed/efuzy/templates/layout.html"}
{"ts":"2026-03-13 17:55:34","event":"add","file":"/home/ahmed/efuzy/templates/layouts/efuzy_layout.html"}
{"ts":"2026-03-13 17:55:34","event":"add","file":"/home/ahmed/efuzy/templates/layouts/plgd_layout.html"}
{"ts":"2026-03-13 17:55:34","event":"add","file":"/home/ahmed/efuzy/templates/mio_index.html"}
{"ts":"2026-03-13 17:55:34","event":"add","file":"/home/ahmed/efuzy/templates/mio_layout.html"}
{"ts":"2026-03-13 17:55:34","event":"add","file":"/home/ahmed/efuzy/templates/mio_page.html"}
{"ts":"2026-03-13 17:55:34","event":"add","file":"/home/ahmed/efuzy/templates/mio_pkg.html"}
{"ts":"2026-03-13 17:55:34","event":"add","file":"/home/ahmed/efuzy/templates/mio_repo.html"}
{"ts":"2026-03-13 17:55:34","event":"add","file":"/home/ahmed/efuzy/templates/page.html"}
{"ts":"2026-03-13 17:55:34","event":"add","file":"/home/ahmed/efuzy/templates/pages/efuzy_automation.html"}
{"ts":"2026-03-13 17:55:34","event":"add","file":"/home/ahmed/efuzy/templates/pages/efuzy_job_detail.html"}
{"ts":"2026-03-13 17:55:34","event":"add","file":"/home/ahmed/efuzy/templates/pages/efuzy_preview.html"}
{"ts":"2026-03-13 17:55:34","event":"add","file":"/home/ahmed/efuzy/templates/pages/efuzy_profile_edit.html"}
{"ts":"2026-03-13 17:55:34","event":"add","file":"/home/ahmed/efuzy/templates/pages/efuzy_profiles.html"}
{"ts":"2026-03-13 17:55:34","event":"add","file":"/home/ahmed/efuzy/templates/pages/efuzy_workspace.html"}
{"ts":"2026-03-13 17:55:34","event":"add","file":"/home/ahmed/efuzy/templates/pages/plgd_about.html"}
{"ts":"2026-03-13 17:55:34","event":"add","file":"/home/ahmed/efuzy/templates/pages/plgd_home.html"}
{"ts":"2026-03-13 17:55:34","event":"add","file":"/home/ahmed/efuzy/templates/pages/plgd_playground.html"}
{"ts":"2026-03-13 17:55:34","event":"add","file":"/home/ahmed/efuzy/templates/partials/mio_footer.html"}
{"ts":"2026-03-13 17:55:34","event":"add","file":"/home/ahmed/efuzy/templates/partials/mio_nav.html"}
{"ts":"2026-03-13 17:55:34","event":"add","file":"/home/ahmed/efuzy/templates/partials/ui_badge.html"}
{"ts":"2026-03-13 17:55:34","event":"add","file":"/home/ahmed/efuzy/templates/partials/ui_footer.html"}
{"ts":"2026-03-13 17:55:34","event":"add","file":"/home/ahmed/efuzy/templates/partials/ui_hero.html"}
{"ts":"2026-03-13 17:55:34","event":"add","file":"/home/ahmed/efuzy/templates/partials/ui_nav.html"}
{"ts":"2026-03-13 17:55:34","event":"add","file":"/home/ahmed/efuzy/templates/partials/ui_tpl_card_grid.html"}
{"ts":"2026-03-13 17:55:34","event":"add","file":"/home/ahmed/efuzy/templates/partials/ui_tpl_card_list.html"}
{"ts":"2026-03-13 23:28:21","event":"add","file":"/home/ahmed/efuzy/templates/app_index.html"}
{"ts":"2026-03-13 23:28:21","event":"add","file":"/home/ahmed/efuzy/templates/app_layout.html"}
{"ts":"2026-03-13 23:28:21","event":"add","file":"/home/ahmed/efuzy/templates/layout.html"}
{"ts":"2026-03-13 23:28:21","event":"add","file":"/home/ahmed/efuzy/templates/layouts/efuzy_layout.html"}
{"ts":"2026-03-13 23:28:21","event":"add","file":"/home/ahmed/efuzy/templates/layouts/plgd_layout.html"}
{"ts":"2026-03-13 23:28:21","event":"add","file":"/home/ahmed/efuzy/templates/mio_index.html"}
{"ts":"2026-03-13 23:28:21","event":"add","file":"/home/ahmed/efuzy/templates/mio_layout.html"}
{"ts":"2026-03-13 23:28:21","event":"add","file":"/home/ahmed/efuzy/templates/mio_page.html"}
{"ts":"2026-03-13 23:28:21","event":"add","file":"/home/ahmed/efuzy/templates/mio_pkg.html"}
{"ts":"2026-03-13 23:28:21","event":"add","file":"/home/ahmed/efuzy/templates/mio_repo.html"}
{"ts":"2026-03-13 23:28:21","event":"add","file":"/home/ahmed/efuzy/templates/page.html"}
{"ts":"2026-03-13 23:28:21","event":"add","file":"/home/ahmed/efuzy/templates/pages/efuzy_automation.html"}
{"ts":"2026-03-13 23:28:21","event":"add","file":"/home/ahmed/efuzy/templates/pages/efuzy_job_detail.html"}
{"ts":"2026-03-13 23:28:21","event":"add","file":"/home/ahmed/efuzy/templates/pages/efuzy_preview.html"}
{"ts":"2026-03-13 23:28:21","event":"add","file":"/home/ahmed/efuzy/templates/pages/efuzy_profile_edit.html"}
{"ts":"2026-03-13 23:28:21","event":"add","file":"/home/ahmed/efuzy/templates/pages/efuzy_profiles.html"}
{"ts":"2026-03-13 23:28:21","event":"add","file":"/home/ahmed/efuzy/templates/pages/efuzy_workspace.html"}
{"ts":"2026-03-13 23:28:21","event":"add","file":"/home/ahmed/efuzy/templates/pages/plgd_about.html"}
{"ts":"2026-03-13 23:28:21","event":"add","file":"/home/ahmed/efuzy/templates/pages/plgd_home.html"}
{"ts":"2026-03-13 23:28:21","event":"add","file":"/home/ahmed/efuzy/templates/pages/plgd_playground.html"}
{"ts":"2026-03-13 23:28:21","event":"add","file":"/home/ahmed/efuzy/templates/partials/mio_footer.html"}
{"ts":"2026-03-13 23:28:21","event":"add","file":"/home/ahmed/efuzy/templates/partials/mio_nav.html"}
{"ts":"2026-03-13 23:28:21","event":"add","file":"/home/ahmed/efuzy/templates/partials/ui_badge.html"}
{"ts":"2026-03-13 23:28:21","event":"add","file":"/home/ahmed/efuzy/templates/partials/ui_footer.html"}
{"ts":"2026-03-13 23:28:21","event":"add","file":"/home/ahmed/efuzy/templates/partials/ui_hero.html"}
{"ts":"2026-03-13 23:28:21","event":"add","file":"/home/ahmed/efuzy/templates/partials/ui_nav.html"}
{"ts":"2026-03-13 23:28:21","event":"add","file":"/home/ahmed/efuzy/templates/partials/ui_tpl_card_grid.html"}
{"ts":"2026-03-13 23:28:21","event":"add","file":"/home/ahmed/efuzy/templates/partials/ui_tpl_card_list.html"}
{"ts":"2026-03-13 23:34:19","event":"add","file":"/home/ahmed/efuzy/templates/app_index.html"}
{"ts":"2026-03-13 23:34:19","event":"add","file":"/home/ahmed/efuzy/templates/app_layout.html"}
{"ts":"2026-03-13 23:34:19","event":"add","file":"/home/ahmed/efuzy/templates/layout.html"}
{"ts":"2026-03-13 23:34:19","event":"add","file":"/home/ahmed/efuzy/templates/layouts/efuzy_layout.html"}
{"ts":"2026-03-13 23:34:19","event":"add","file":"/home/ahmed/efuzy/templates/layouts/plgd_layout.html"}
{"ts":"2026-03-13 23:34:19","event":"add","file":"/home/ahmed/efuzy/templates/mio_index.html"}
{"ts":"2026-03-13 23:34:19","event":"add","file":"/home/ahmed/efuzy/templates/mio_layout.html"}
{"ts":"2026-03-13 23:34:19","event":"add","file":"/home/ahmed/efuzy/templates/mio_page.html"}
{"ts":"2026-03-13 23:34:19","event":"add","file":"/home/ahmed/efuzy/templates/mio_pkg.html"}
{"ts":"2026-03-13 23:34:19","event":"add","file":"/home/ahmed/efuzy/templates/mio_repo.html"}
{"ts":"2026-03-13 23:34:19","event":"add","file":"/home/ahmed/efuzy/templates/page.html"}
{"ts":"2026-03-13 23:34:19","event":"add","file":"/home/ahmed/efuzy/templates/pages/efuzy_automation.html"}
{"ts":"2026-03-13 23:34:19","event":"add","file":"/home/ahmed/efuzy/templates/pages/efuzy_job_detail.html"}
{"ts":"2026-03-13 23:34:19","event":"add","file":"/home/ahmed/efuzy/templates/pages/efuzy_preview.html"}
{"ts":"2026-03-13 23:34:19","event":"add","file":"/home/ahmed/efuzy/templates/pages/efuzy_profile_edit.html"}
{"ts":"2026-03-13 23:34:19","event":"add","file":"/home/ahmed/efuzy/templates/pages/efuzy_profiles.html"}
{"ts":"2026-03-13 23:34:19","event":"add","file":"/home/ahmed/efuzy/templates/pages/efuzy_workspace.html"}
{"ts":"2026-03-13 23:34:19","event":"add","file":"/home/ahmed/efuzy/templates/pages/plgd_about.html"}
{"ts":"2026-03-13 23:34:19","event":"add","file":"/home/ahmed/efuzy/templates/pages/plgd_home.html"}
{"ts":"2026-03-13 23:34:19","event":"add","file":"/home/ahmed/efuzy/templates/pages/plgd_playground.html"}
{"ts":"2026-03-13 23:34:19","event":"add","file":"/home/ahmed/efuzy/templates/partials/mio_footer.html"}
{"ts":"2026-03-13 23:34:19","event":"add","file":"/home/ahmed/efuzy/templates/partials/mio_nav.html"}
{"ts":"2026-03-13 23:34:19","event":"add","file":"/home/ahmed/efuzy/templates/partials/ui_badge.html"}
{"ts":"2026-03-13 23:34:19","event":"add","file":"/home/ahmed/efuzy/templates/partials/ui_footer.html"}
{"ts":"2026-03-13 23:34:19","event":"add","file":"/home/ahmed/efuzy/templates/partials/ui_hero.html"}
{"ts":"2026-03-13 23:34:19","event":"add","file":"/home/ahmed/efuzy/templates/partials/ui_nav.html"}
{"ts":"2026-03-13 23:34:19","event":"add","file":"/home/ahmed/efuzy/templates/partials/ui_tpl_card_grid.html"}
{"ts":"2026-03-13 23:34:19","event":"add","file":"/home/ahmed/efuzy/templates/partials/ui_tpl_card_list.html"}
{"ts":"2026-03-13 23:34:56","event":"add","file":"/home/ahmed/efuzy/templates/app_index.html"}
{"ts":"2026-03-13 23:34:56","event":"add","file":"/home/ahmed/efuzy/templates/app_layout.html"}
{"ts":"2026-03-13 23:34:56","event":"add","file":"/home/ahmed/efuzy/templates/layout.html"}
{"ts":"2026-03-13 23:34:56","event":"add","file":"/home/ahmed/efuzy/templates/layouts/efuzy_layout.html"}
{"ts":"2026-03-13 23:34:56","event":"add","file":"/home/ahmed/efuzy/templates/layouts/plgd_layout.html"}
{"ts":"2026-03-13 23:34:56","event":"add","file":"/home/ahmed/efuzy/templates/mio_index.html"}
{"ts":"2026-03-13 23:34:56","event":"add","file":"/home/ahmed/efuzy/templates/mio_layout.html"}
{"ts":"2026-03-13 23:34:56","event":"add","file":"/home/ahmed/efuzy/templates/mio_page.html"}
{"ts":"2026-03-13 23:34:56","event":"add","file":"/home/ahmed/efuzy/templates/mio_pkg.html"}
{"ts":"2026-03-13 23:34:56","event":"add","file":"/home/ahmed/efuzy/templates/mio_repo.html"}
{"ts":"2026-03-13 23:34:56","event":"add","file":"/home/ahmed/efuzy/templates/page.html"}
{"ts":"2026-03-13 23:34:56","event":"add","file":"/home/ahmed/efuzy/templates/pages/efuzy_automation.html"}
{"ts":"2026-03-13 23:34:56","event":"add","file":"/home/ahmed/efuzy/templates/pages/efuzy_job_detail.html"}
{"ts":"2026-03-13 23:34:56","event":"add","file":"/home/ahmed/efuzy/templates/pages/efuzy_preview.html"}
{"ts":"2026-03-13 23:34:56","event":"add","file":"/home/ahmed/efuzy/templates/pages/efuzy_profile_edit.html"}
{"ts":"2026-03-13 23:34:56","event":"add","file":"/home/ahmed/efuzy/templates/pages/efuzy_profiles.html"}
{"ts":"2026-03-13 23:34:56","event":"add","file":"/home/ahmed/efuzy/templates/pages/efuzy_workspace.html"}
{"ts":"2026-03-13 23:34:56","event":"add","file":"/home/ahmed/efuzy/templates/pages/plgd_about.html"}
{"ts":"2026-03-13 23:34:56","event":"add","file":"/home/ahmed/efuzy/templates/pages/plgd_home.html"}
{"ts":"2026-03-13 23:34:56","event":"add","file":"/home/ahmed/efuzy/templates/pages/plgd_playground.html"}
{"ts":"2026-03-13 23:34:56","event":"add","file":"/home/ahmed/efuzy/templates/partials/mio_footer.html"}
{"ts":"2026-03-13 23:34:56","event":"add","file":"/home/ahmed/efuzy/templates/partials/mio_nav.html"}
{"ts":"2026-03-13 23:34:56","event":"add","file":"/home/ahmed/efuzy/templates/partials/ui_badge.html"}
{"ts":"2026-03-13 23:34:56","event":"add","file":"/home/ahmed/efuzy/templates/partials/ui_footer.html"}
{"ts":"2026-03-13 23:34:56","event":"add","file":"/home/ahmed/efuzy/templates/partials/ui_hero.html"}
{"ts":"2026-03-13 23:34:56","event":"add","file":"/home/ahmed/efuzy/templates/partials/ui_nav.html"}
{"ts":"2026-03-13 23:34:56","event":"add","file":"/home/ahmed/efuzy/templates/partials/ui_tpl_card_grid.html"}
{"ts":"2026-03-13 23:34:56","event":"add","file":"/home/ahmed/efuzy/templates/partials/ui_tpl_card_list.html"}
{"ts":"2026-03-13 23:36:09","event":"add","file":"/home/ahmed/efuzy/templates/app_index.html"}
{"ts":"2026-03-13 23:36:09","event":"add","file":"/home/ahmed/efuzy/templates/app_layout.html"}
{"ts":"2026-03-13 23:36:09","event":"add","file":"/home/ahmed/efuzy/templates/layout.html"}
{"ts":"2026-03-13 23:36:09","event":"add","file":"/home/ahmed/efuzy/templates/layouts/efuzy_layout.html"}
{"ts":"2026-03-13 23:36:09","event":"add","file":"/home/ahmed/efuzy/templates/layouts/plgd_layout.html"}
{"ts":"2026-03-13 23:36:09","event":"add","file":"/home/ahmed/efuzy/templates/mio_index.html"}
{"ts":"2026-03-13 23:36:09","event":"add","file":"/home/ahmed/efuzy/templates/mio_layout.html"}
{"ts":"2026-03-13 23:36:09","event":"add","file":"/home/ahmed/efuzy/templates/mio_page.html"}
{"ts":"2026-03-13 23:36:09","event":"add","file":"/home/ahmed/efuzy/templates/mio_pkg.html"}
{"ts":"2026-03-13 23:36:09","event":"add","file":"/home/ahmed/efuzy/templates/mio_repo.html"}
{"ts":"2026-03-13 23:36:09","event":"add","file":"/home/ahmed/efuzy/templates/page.html"}
{"ts":"2026-03-13 23:36:09","event":"add","file":"/home/ahmed/efuzy/templates/pages/efuzy_automation.html"}
{"ts":"2026-03-13 23:36:09","event":"add","file":"/home/ahmed/efuzy/templates/pages/efuzy_job_detail.html"}
{"ts":"2026-03-13 23:36:09","event":"add","file":"/home/ahmed/efuzy/templates/pages/efuzy_preview.html"}
{"ts":"2026-03-13 23:36:09","event":"add","file":"/home/ahmed/efuzy/templates/pages/efuzy_profile_edit.html"}
{"ts":"2026-03-13 23:36:09","event":"add","file":"/home/ahmed/efuzy/templates/pages/efuzy_profiles.html"}
{"ts":"2026-03-13 23:36:09","event":"add","file":"/home/ahmed/efuzy/templates/pages/efuzy_workspace.html"}
{"ts":"2026-03-13 23:36:09","event":"add","file":"/home/ahmed/efuzy/templates/pages/plgd_about.html"}
{"ts":"2026-03-13 23:36:09","event":"add","file":"/home/ahmed/efuzy/templates/pages/plgd_home.html"}
{"ts":"2026-03-13 23:36:09","event":"add","file":"/home/ahmed/efuzy/templates/pages/plgd_playground.html"}
{"ts":"2026-03-13 23:36:09","event":"add","file":"/home/ahmed/efuzy/templates/partials/mio_footer.html"}
{"ts":"2026-03-13 23:36:09","event":"add","file":"/home/ahmed/efuzy/templates/partials/mio_nav.html"}
{"ts":"2026-03-13 23:36:09","event":"add","file":"/home/ahmed/efuzy/templates/partials/ui_badge.html"}
{"ts":"2026-03-13 23:36:09","event":"add","file":"/home/ahmed/efuzy/templates/partials/ui_footer.html"}
{"ts":"2026-03-13 23:36:09","event":"add","file":"/home/ahmed/efuzy/templates/partials/ui_hero.html"}
{"ts":"2026-03-13 23:36:09","event":"add","file":"/home/ahmed/efuzy/templates/partials/ui_nav.html"}
{"ts":"2026-03-13 23:36:09","event":"add","file":"/home/ahmed/efuzy/templates/partials/ui_tpl_card_grid.html"}
{"ts":"2026-03-13 23:36:09","event":"add","file":"/home/ahmed/efuzy/templates/partials/ui_tpl_card_list.html"}
