2026-03-13 23:49:24 watcher_start pid=1142988 pattern=*.html
{"ts":"2026-03-13 23:49:24","event":"add","file":"/home/ahmed/efuzy/templates/app_index.html"}
{"ts":"2026-03-13 23:49:24","event":"add","file":"/home/ahmed/efuzy/templates/app_layout.html"}
{"ts":"2026-03-13 23:49:24","event":"add","file":"/home/ahmed/efuzy/templates/layout.html"}
{"ts":"2026-03-13 23:49:24","event":"add","file":"/home/ahmed/efuzy/templates/layouts/efuzy_layout.html"}
{"ts":"2026-03-13 23:49:24","event":"add","file":"/home/ahmed/efuzy/templates/layouts/plgd_layout.html"}
{"ts":"2026-03-13 23:49:24","event":"add","file":"/home/ahmed/efuzy/templates/mio_index.html"}
{"ts":"2026-03-13 23:49:24","event":"add","file":"/home/ahmed/efuzy/templates/mio_layout.html"}
{"ts":"2026-03-13 23:49:24","event":"add","file":"/home/ahmed/efuzy/templates/mio_page.html"}
{"ts":"2026-03-13 23:49:24","event":"add","file":"/home/ahmed/efuzy/templates/mio_pkg.html"}
{"ts":"2026-03-13 23:49:24","event":"add","file":"/home/ahmed/efuzy/templates/mio_repo.html"}
{"ts":"2026-03-13 23:49:24","event":"add","file":"/home/ahmed/efuzy/templates/page.html"}
{"ts":"2026-03-13 23:49:24","event":"add","file":"/home/ahmed/efuzy/templates/pages/efuzy_automation.html"}
{"ts":"2026-03-13 23:49:24","event":"add","file":"/home/ahmed/efuzy/templates/pages/efuzy_job_detail.html"}
{"ts":"2026-03-13 23:49:24","event":"add","file":"/home/ahmed/efuzy/templates/pages/efuzy_preview.html"}
{"ts":"2026-03-13 23:49:24","event":"add","file":"/home/ahmed/efuzy/templates/pages/efuzy_profile_edit.html"}
{"ts":"2026-03-13 23:49:24","event":"add","file":"/home/ahmed/efuzy/templates/pages/efuzy_profiles.html"}
{"ts":"2026-03-13 23:49:24","event":"add","file":"/home/ahmed/efuzy/templates/pages/efuzy_workspace.html"}
{"ts":"2026-03-13 23:49:24","event":"add","file":"/home/ahmed/efuzy/templates/pages/plgd_about.html"}
{"ts":"2026-03-13 23:49:24","event":"add","file":"/home/ahmed/efuzy/templates/pages/plgd_home.html"}
{"ts":"2026-03-13 23:49:24","event":"add","file":"/home/ahmed/efuzy/templates/pages/plgd_playground.html"}
{"ts":"2026-03-13 23:49:24","event":"add","file":"/home/ahmed/efuzy/templates/partials/mio_footer.html"}
{"ts":"2026-03-13 23:49:24","event":"add","file":"/home/ahmed/efuzy/templates/partials/mio_nav.html"}
{"ts":"2026-03-13 23:49:24","event":"add","file":"/home/ahmed/efuzy/templates/partials/ui_badge.html"}
{"ts":"2026-03-13 23:49:24","event":"add","file":"/home/ahmed/efuzy/templates/partials/ui_footer.html"}
{"ts":"2026-03-13 23:49:24","event":"add","file":"/home/ahmed/efuzy/templates/partials/ui_hero.html"}
{"ts":"2026-03-13 23:49:24","event":"add","file":"/home/ahmed/efuzy/templates/partials/ui_nav.html"}
{"ts":"2026-03-13 23:49:24","event":"add","file":"/home/ahmed/efuzy/templates/partials/ui_tpl_card_grid.html"}
{"ts":"2026-03-13 23:49:24","event":"add","file":"/home/ahmed/efuzy/templates/partials/ui_tpl_card_list.html"}
{"ts":"2026-03-14 00:12:36","event":"add","file":"/home/ahmed/efuzy/templates/app_index.html"}
{"ts":"2026-03-14 00:12:36","event":"add","file":"/home/ahmed/efuzy/templates/app_layout.html"}
{"ts":"2026-03-14 00:12:36","event":"add","file":"/home/ahmed/efuzy/templates/layout.html"}
{"ts":"2026-03-14 00:12:36","event":"add","file":"/home/ahmed/efuzy/templates/layouts/efuzy_layout.html"}
{"ts":"2026-03-14 00:12:36","event":"add","file":"/home/ahmed/efuzy/templates/layouts/plgd_layout.html"}
{"ts":"2026-03-14 00:12:36","event":"add","file":"/home/ahmed/efuzy/templates/mio_index.html"}
{"ts":"2026-03-14 00:12:36","event":"add","file":"/home/ahmed/efuzy/templates/mio_layout.html"}
{"ts":"2026-03-14 00:12:36","event":"add","file":"/home/ahmed/efuzy/templates/mio_page.html"}
{"ts":"2026-03-14 00:12:36","event":"add","file":"/home/ahmed/efuzy/templates/mio_pkg.html"}
{"ts":"2026-03-14 00:12:36","event":"add","file":"/home/ahmed/efuzy/templates/mio_repo.html"}
{"ts":"2026-03-14 00:12:36","event":"add","file":"/home/ahmed/efuzy/templates/page.html"}
{"ts":"2026-03-14 00:12:36","event":"add","file":"/home/ahmed/efuzy/templates/pages/efuzy_automation.html"}
{"ts":"2026-03-14 00:12:36","event":"add","file":"/home/ahmed/efuzy/templates/pages/efuzy_job_detail.html"}
{"ts":"2026-03-14 00:12:36","event":"add","file":"/home/ahmed/efuzy/templates/pages/efuzy_preview.html"}
{"ts":"2026-03-14 00:12:36","event":"add","file":"/home/ahmed/efuzy/templates/pages/efuzy_profile_edit.html"}
{"ts":"2026-03-14 00:12:36","event":"add","file":"/home/ahmed/efuzy/templates/pages/efuzy_profiles.html"}
{"ts":"2026-03-14 00:12:36","event":"add","file":"/home/ahmed/efuzy/templates/pages/efuzy_workspace.html"}
{"ts":"2026-03-14 00:12:36","event":"add","file":"/home/ahmed/efuzy/templates/pages/plgd_about.html"}
{"ts":"2026-03-14 00:12:36","event":"add","file":"/home/ahmed/efuzy/templates/pages/plgd_home.html"}
{"ts":"2026-03-14 00:12:36","event":"add","file":"/home/ahmed/efuzy/templates/pages/plgd_playground.html"}
{"ts":"2026-03-14 00:12:36","event":"add","file":"/home/ahmed/efuzy/templates/partials/mio_footer.html"}
{"ts":"2026-03-14 00:12:36","event":"add","file":"/home/ahmed/efuzy/templates/partials/mio_nav.html"}
{"ts":"2026-03-14 00:12:36","event":"add","file":"/home/ahmed/efuzy/templates/partials/ui_badge.html"}
{"ts":"2026-03-14 00:12:36","event":"add","file":"/home/ahmed/efuzy/templates/partials/ui_footer.html"}
{"ts":"2026-03-14 00:12:36","event":"add","file":"/home/ahmed/efuzy/templates/partials/ui_hero.html"}
{"ts":"2026-03-14 00:12:36","event":"add","file":"/home/ahmed/efuzy/templates/partials/ui_nav.html"}
{"ts":"2026-03-14 00:12:36","event":"add","file":"/home/ahmed/efuzy/templates/partials/ui_tpl_card_grid.html"}
{"ts":"2026-03-14 00:12:36","event":"add","file":"/home/ahmed/efuzy/templates/partials/ui_tpl_card_list.html"}
{"ts":"2026-03-14 00:15:06","event":"add","file":"/home/ahmed/efuzy/templates/app_index.html"}
{"ts":"2026-03-14 00:15:06","event":"add","file":"/home/ahmed/efuzy/templates/app_layout.html"}
{"ts":"2026-03-14 00:15:06","event":"add","file":"/home/ahmed/efuzy/templates/layout.html"}
{"ts":"2026-03-14 00:15:06","event":"add","file":"/home/ahmed/efuzy/templates/layouts/efuzy_layout.html"}
{"ts":"2026-03-14 00:15:06","event":"add","file":"/home/ahmed/efuzy/templates/layouts/plgd_layout.html"}
{"ts":"2026-03-14 00:15:06","event":"add","file":"/home/ahmed/efuzy/templates/mio_index.html"}
{"ts":"2026-03-14 00:15:06","event":"add","file":"/home/ahmed/efuzy/templates/mio_layout.html"}
{"ts":"2026-03-14 00:15:06","event":"add","file":"/home/ahmed/efuzy/templates/mio_page.html"}
{"ts":"2026-03-14 00:15:06","event":"add","file":"/home/ahmed/efuzy/templates/mio_pkg.html"}
{"ts":"2026-03-14 00:15:06","event":"add","file":"/home/ahmed/efuzy/templates/mio_repo.html"}
{"ts":"2026-03-14 00:15:06","event":"add","file":"/home/ahmed/efuzy/templates/page.html"}
{"ts":"2026-03-14 00:15:06","event":"add","file":"/home/ahmed/efuzy/templates/pages/efuzy_automation.html"}
{"ts":"2026-03-14 00:15:06","event":"add","file":"/home/ahmed/efuzy/templates/pages/efuzy_job_detail.html"}
{"ts":"2026-03-14 00:15:06","event":"add","file":"/home/ahmed/efuzy/templates/pages/efuzy_preview.html"}
{"ts":"2026-03-14 00:15:06","event":"add","file":"/home/ahmed/efuzy/templates/pages/efuzy_profile_edit.html"}
{"ts":"2026-03-14 00:15:06","event":"add","file":"/home/ahmed/efuzy/templates/pages/efuzy_profiles.html"}
{"ts":"2026-03-14 00:15:06","event":"add","file":"/home/ahmed/efuzy/templates/pages/efuzy_workspace.html"}
{"ts":"2026-03-14 00:15:06","event":"add","file":"/home/ahmed/efuzy/templates/pages/plgd_about.html"}
{"ts":"2026-03-14 00:15:06","event":"add","file":"/home/ahmed/efuzy/templates/pages/plgd_home.html"}
{"ts":"2026-03-14 00:15:06","event":"add","file":"/home/ahmed/efuzy/templates/pages/plgd_playground.html"}
{"ts":"2026-03-14 00:15:06","event":"add","file":"/home/ahmed/efuzy/templates/partials/mio_footer.html"}
{"ts":"2026-03-14 00:15:06","event":"add","file":"/home/ahmed/efuzy/templates/partials/mio_nav.html"}
{"ts":"2026-03-14 00:15:06","event":"add","file":"/home/ahmed/efuzy/templates/partials/ui_badge.html"}
{"ts":"2026-03-14 00:15:06","event":"add","file":"/home/ahmed/efuzy/templates/partials/ui_footer.html"}
{"ts":"2026-03-14 00:15:06","event":"add","file":"/home/ahmed/efuzy/templates/partials/ui_hero.html"}
{"ts":"2026-03-14 00:15:06","event":"add","file":"/home/ahmed/efuzy/templates/partials/ui_nav.html"}
{"ts":"2026-03-14 00:15:06","event":"add","file":"/home/ahmed/efuzy/templates/partials/ui_tpl_card_grid.html"}
{"ts":"2026-03-14 00:15:06","event":"add","file":"/home/ahmed/efuzy/templates/partials/ui_tpl_card_list.html"}
{"ts":"2026-03-14 00:15:13","event":"add","file":"/home/ahmed/efuzy/templates/app_index.html"}
{"ts":"2026-03-14 00:15:13","event":"add","file":"/home/ahmed/efuzy/templates/app_layout.html"}
{"ts":"2026-03-14 00:15:13","event":"add","file":"/home/ahmed/efuzy/templates/layout.html"}
{"ts":"2026-03-14 00:15:13","event":"add","file":"/home/ahmed/efuzy/templates/layouts/efuzy_layout.html"}
{"ts":"2026-03-14 00:15:13","event":"add","file":"/home/ahmed/efuzy/templates/layouts/plgd_layout.html"}
{"ts":"2026-03-14 00:15:13","event":"add","file":"/home/ahmed/efuzy/templates/mio_index.html"}
{"ts":"2026-03-14 00:15:13","event":"add","file":"/home/ahmed/efuzy/templates/mio_layout.html"}
{"ts":"2026-03-14 00:15:13","event":"add","file":"/home/ahmed/efuzy/templates/mio_page.html"}
{"ts":"2026-03-14 00:15:13","event":"add","file":"/home/ahmed/efuzy/templates/mio_pkg.html"}
{"ts":"2026-03-14 00:15:13","event":"add","file":"/home/ahmed/efuzy/templates/mio_repo.html"}
{"ts":"2026-03-14 00:15:13","event":"add","file":"/home/ahmed/efuzy/templates/page.html"}
{"ts":"2026-03-14 00:15:13","event":"add","file":"/home/ahmed/efuzy/templates/pages/efuzy_automation.html"}
{"ts":"2026-03-14 00:15:13","event":"add","file":"/home/ahmed/efuzy/templates/pages/efuzy_job_detail.html"}
{"ts":"2026-03-14 00:15:13","event":"add","file":"/home/ahmed/efuzy/templates/pages/efuzy_preview.html"}
{"ts":"2026-03-14 00:15:13","event":"add","file":"/home/ahmed/efuzy/templates/pages/efuzy_profile_edit.html"}
{"ts":"2026-03-14 00:15:13","event":"add","file":"/home/ahmed/efuzy/templates/pages/efuzy_profiles.html"}
{"ts":"2026-03-14 00:15:13","event":"add","file":"/home/ahmed/efuzy/templates/pages/efuzy_workspace.html"}
{"ts":"2026-03-14 00:15:13","event":"add","file":"/home/ahmed/efuzy/templates/pages/plgd_about.html"}
{"ts":"2026-03-14 00:15:13","event":"add","file":"/home/ahmed/efuzy/templates/pages/plgd_home.html"}
{"ts":"2026-03-14 00:15:13","event":"add","file":"/home/ahmed/efuzy/templates/pages/plgd_playground.html"}
{"ts":"2026-03-14 00:15:13","event":"add","file":"/home/ahmed/efuzy/templates/partials/mio_footer.html"}
{"ts":"2026-03-14 00:15:13","event":"add","file":"/home/ahmed/efuzy/templates/partials/mio_nav.html"}
{"ts":"2026-03-14 00:15:13","event":"add","file":"/home/ahmed/efuzy/templates/partials/ui_badge.html"}
{"ts":"2026-03-14 00:15:13","event":"add","file":"/home/ahmed/efuzy/templates/partials/ui_footer.html"}
{"ts":"2026-03-14 00:15:13","event":"add","file":"/home/ahmed/efuzy/templates/partials/ui_hero.html"}
{"ts":"2026-03-14 00:15:13","event":"add","file":"/home/ahmed/efuzy/templates/partials/ui_nav.html"}
{"ts":"2026-03-14 00:15:13","event":"add","file":"/home/ahmed/efuzy/templates/partials/ui_tpl_card_grid.html"}
{"ts":"2026-03-14 00:15:13","event":"add","file":"/home/ahmed/efuzy/templates/partials/ui_tpl_card_list.html"}
{"ts":"2026-03-14 00:24:35","event":"add","file":"/home/ahmed/efuzy/templates/app_index.html"}
{"ts":"2026-03-14 00:24:35","event":"add","file":"/home/ahmed/efuzy/templates/app_layout.html"}
{"ts":"2026-03-14 00:24:35","event":"add","file":"/home/ahmed/efuzy/templates/layout.html"}
{"ts":"2026-03-14 00:24:35","event":"add","file":"/home/ahmed/efuzy/templates/layouts/efuzy_layout.html"}
{"ts":"2026-03-14 00:24:35","event":"add","file":"/home/ahmed/efuzy/templates/layouts/plgd_layout.html"}
{"ts":"2026-03-14 00:24:35","event":"add","file":"/home/ahmed/efuzy/templates/mio_index.html"}
{"ts":"2026-03-14 00:24:35","event":"add","file":"/home/ahmed/efuzy/templates/mio_layout.html"}
{"ts":"2026-03-14 00:24:35","event":"add","file":"/home/ahmed/efuzy/templates/mio_page.html"}
{"ts":"2026-03-14 00:24:35","event":"add","file":"/home/ahmed/efuzy/templates/mio_pkg.html"}
{"ts":"2026-03-14 00:24:35","event":"add","file":"/home/ahmed/efuzy/templates/mio_repo.html"}
{"ts":"2026-03-14 00:24:35","event":"add","file":"/home/ahmed/efuzy/templates/page.html"}
{"ts":"2026-03-14 00:24:35","event":"add","file":"/home/ahmed/efuzy/templates/pages/efuzy_automation.html"}
{"ts":"2026-03-14 00:24:35","event":"add","file":"/home/ahmed/efuzy/templates/pages/efuzy_job_detail.html"}
{"ts":"2026-03-14 00:24:35","event":"add","file":"/home/ahmed/efuzy/templates/pages/efuzy_preview.html"}
{"ts":"2026-03-14 00:24:35","event":"add","file":"/home/ahmed/efuzy/templates/pages/efuzy_profile_edit.html"}
{"ts":"2026-03-14 00:24:35","event":"add","file":"/home/ahmed/efuzy/templates/pages/efuzy_profiles.html"}
{"ts":"2026-03-14 00:24:35","event":"add","file":"/home/ahmed/efuzy/templates/pages/efuzy_workspace.html"}
{"ts":"2026-03-14 00:24:35","event":"add","file":"/home/ahmed/efuzy/templates/pages/plgd_about.html"}
{"ts":"2026-03-14 00:24:35","event":"add","file":"/home/ahmed/efuzy/templates/pages/plgd_home.html"}
{"ts":"2026-03-14 00:24:35","event":"add","file":"/home/ahmed/efuzy/templates/pages/plgd_playground.html"}
{"ts":"2026-03-14 00:24:35","event":"add","file":"/home/ahmed/efuzy/templates/partials/mio_footer.html"}
{"ts":"2026-03-14 00:24:35","event":"add","file":"/home/ahmed/efuzy/templates/partials/mio_nav.html"}
{"ts":"2026-03-14 00:24:35","event":"add","file":"/home/ahmed/efuzy/templates/partials/ui_badge.html"}
{"ts":"2026-03-14 00:24:35","event":"add","file":"/home/ahmed/efuzy/templates/partials/ui_footer.html"}
{"ts":"2026-03-14 00:24:35","event":"add","file":"/home/ahmed/efuzy/templates/partials/ui_hero.html"}
{"ts":"2026-03-14 00:24:35","event":"add","file":"/home/ahmed/efuzy/templates/partials/ui_nav.html"}
{"ts":"2026-03-14 00:24:35","event":"add","file":"/home/ahmed/efuzy/templates/partials/ui_tpl_card_grid.html"}
{"ts":"2026-03-14 00:24:35","event":"add","file":"/home/ahmed/efuzy/templates/partials/ui_tpl_card_list.html"}
{"ts":"2026-03-14 00:25:43","event":"add","file":"/home/ahmed/efuzy/templates/app_index.html"}
{"ts":"2026-03-14 00:25:43","event":"add","file":"/home/ahmed/efuzy/templates/app_layout.html"}
{"ts":"2026-03-14 00:25:43","event":"add","file":"/home/ahmed/efuzy/templates/layout.html"}
{"ts":"2026-03-14 00:25:43","event":"add","file":"/home/ahmed/efuzy/templates/layouts/efuzy_layout.html"}
{"ts":"2026-03-14 00:25:43","event":"add","file":"/home/ahmed/efuzy/templates/layouts/plgd_layout.html"}
{"ts":"2026-03-14 00:25:43","event":"add","file":"/home/ahmed/efuzy/templates/mio_index.html"}
{"ts":"2026-03-14 00:25:43","event":"add","file":"/home/ahmed/efuzy/templates/mio_layout.html"}
{"ts":"2026-03-14 00:25:43","event":"add","file":"/home/ahmed/efuzy/templates/mio_page.html"}
{"ts":"2026-03-14 00:25:43","event":"add","file":"/home/ahmed/efuzy/templates/mio_pkg.html"}
{"ts":"2026-03-14 00:25:43","event":"add","file":"/home/ahmed/efuzy/templates/mio_repo.html"}
{"ts":"2026-03-14 00:25:43","event":"add","file":"/home/ahmed/efuzy/templates/page.html"}
{"ts":"2026-03-14 00:25:43","event":"add","file":"/home/ahmed/efuzy/templates/pages/efuzy_automation.html"}
{"ts":"2026-03-14 00:25:43","event":"add","file":"/home/ahmed/efuzy/templates/pages/efuzy_job_detail.html"}
{"ts":"2026-03-14 00:25:43","event":"add","file":"/home/ahmed/efuzy/templates/pages/efuzy_preview.html"}
{"ts":"2026-03-14 00:25:43","event":"add","file":"/home/ahmed/efuzy/templates/pages/efuzy_profile_edit.html"}
{"ts":"2026-03-14 00:25:43","event":"add","file":"/home/ahmed/efuzy/templates/pages/efuzy_profiles.html"}
{"ts":"2026-03-14 00:25:43","event":"add","file":"/home/ahmed/efuzy/templates/pages/efuzy_workspace.html"}
{"ts":"2026-03-14 00:25:43","event":"add","file":"/home/ahmed/efuzy/templates/pages/plgd_about.html"}
{"ts":"2026-03-14 00:25:43","event":"add","file":"/home/ahmed/efuzy/templates/pages/plgd_home.html"}
{"ts":"2026-03-14 00:25:43","event":"add","file":"/home/ahmed/efuzy/templates/pages/plgd_playground.html"}
{"ts":"2026-03-14 00:25:43","event":"add","file":"/home/ahmed/efuzy/templates/partials/mio_footer.html"}
{"ts":"2026-03-14 00:25:43","event":"add","file":"/home/ahmed/efuzy/templates/partials/mio_nav.html"}
{"ts":"2026-03-14 00:25:43","event":"add","file":"/home/ahmed/efuzy/templates/partials/ui_badge.html"}
{"ts":"2026-03-14 00:25:43","event":"add","file":"/home/ahmed/efuzy/templates/partials/ui_footer.html"}
{"ts":"2026-03-14 00:25:43","event":"add","file":"/home/ahmed/efuzy/templates/partials/ui_hero.html"}
{"ts":"2026-03-14 00:25:43","event":"add","file":"/home/ahmed/efuzy/templates/partials/ui_nav.html"}
{"ts":"2026-03-14 00:25:43","event":"add","file":"/home/ahmed/efuzy/templates/partials/ui_tpl_card_grid.html"}
{"ts":"2026-03-14 00:25:43","event":"add","file":"/home/ahmed/efuzy/templates/partials/ui_tpl_card_list.html"}
{"ts":"2026-03-14 00:43:25","event":"mod","file":"/home/ahmed/efuzy/templates/layouts/efuzy_layout.html"}
{"ts":"2026-03-14 00:43:32","event":"add","file":"/home/ahmed/efuzy/templates/pages/efuzy_jobs.html"}
{"ts":"2026-03-14 00:43:33","event":"mod","file":"/home/ahmed/efuzy/templates/pages/efuzy_preview.html"}
{"ts":"2026-03-14 00:43:33","event":"mod","file":"/home/ahmed/efuzy/templates/pages/efuzy_profile_edit.html"}
{"ts":"2026-03-14 00:43:37","event":"mod","file":"/home/ahmed/efuzy/templates/pages/efuzy_profiles.html"}
{"ts":"2026-03-14 00:43:37","event":"mod","file":"/home/ahmed/efuzy/templates/pages/efuzy_workspace.html"}
{"ts":"2026-03-14 00:43:38","event":"mod","file":"/home/ahmed/efuzy/templates/pages/efuzy_automation.html"}
{"ts":"2026-03-14 00:43:38","event":"mod","file":"/home/ahmed/efuzy/templates/pages/efuzy_job_detail.html"}
